Component: ARM Compiler 5.06 update 6 (build 750) Tool: armlink [4d35ed]

==============================================================================

Section Cross References

    startup_stm32f103xb.o(RESET) refers to startup_stm32f103xb.o(STACK) for __initial_sp
    startup_stm32f103xb.o(RESET) refers to startup_stm32f103xb.o(.text) for Reset_Handler
    startup_stm32f103xb.o(RESET) refers to stm32f1xx_it.o(i.NMI_Handler) for NMI_Handler
    startup_stm32f103xb.o(RESET) refers to stm32f1xx_it.o(i.HardFault_Handler) for HardFault_Handler
    startup_stm32f103xb.o(RESET) refers to stm32f1xx_it.o(i.MemManage_Handler) for MemManage_Handler
    startup_stm32f103xb.o(RESET) refers to stm32f1xx_it.o(i.BusFault_Handler) for BusFault_Handler
    startup_stm32f103xb.o(RESET) refers to stm32f1xx_it.o(i.UsageFault_Handler) for UsageFault_Handler
    startup_stm32f103xb.o(RESET) refers to stm32f1xx_it.o(i.DebugMon_Handler) for DebugMon_Handler
    startup_stm32f103xb.o(RESET) refers to stm32f1xx_it.o(i.SysTick_Handler) for SysTick_Handler
    startup_stm32f103xb.o(RESET) refers to stm32f1xx_it.o(i.DMA1_Channel5_IRQHandler) for DMA1_Channel5_IRQHandler
    startup_stm32f103xb.o(RESET) refers to stm32f1xx_it.o(i.USB_HP_CAN1_TX_IRQHandler) for USB_HP_CAN1_TX_IRQHandler
    startup_stm32f103xb.o(RESET) refers to stm32f1xx_it.o(i.USB_LP_CAN1_RX0_IRQHandler) for USB_LP_CAN1_RX0_IRQHandler
    startup_stm32f103xb.o(RESET) refers to stm32f1xx_it.o(i.USART1_IRQHandler) for USART1_IRQHandler
    startup_stm32f103xb.o(.text) refers to system_stm32f1xx.o(i.SystemInit) for SystemInit
    startup_stm32f103xb.o(.text) refers to entry.o(.ARM.Collect$$$$00000000) for __main
    main.o(i.SystemClock_Config) refers to memseta.o(.text) for __aeabi_memclr4
    main.o(i.SystemClock_Config) refers to stm32f1xx_hal_rcc.o(i.HAL_RCC_OscConfig) for HAL_RCC_OscConfig
    main.o(i.SystemClock_Config) refers to stm32f1xx_hal_rcc.o(i.HAL_RCC_ClockConfig) for HAL_RCC_ClockConfig
    main.o(i.main) refers to stm32f1xx_hal.o(i.HAL_Init) for HAL_Init
    main.o(i.main) refers to main.o(i.SystemClock_Config) for SystemClock_Config
    main.o(i.main) refers to gpio.o(i.MX_GPIO_Init) for MX_GPIO_Init
    main.o(i.main) refers to dma.o(i.MX_DMA_Init) for MX_DMA_Init
    main.o(i.main) refers to usart.o(i.MX_USART1_UART_Init) for MX_USART1_UART_Init
    main.o(i.main) refers to can.o(i.MX_CAN_Init) for MX_CAN_Init
    main.o(i.main) refers to system.o(i.sys_init) for sys_init
    main.o(i.main) refers to pid.o(i.PID_Set_Gimbal_Target) for PID_Set_Gimbal_Target
    main.o(i.main) refers to control.o(i.K230_Control) for K230_Control
    main.o(i.main) refers to delay.o(i.delay_ms) for delay_ms
    gpio.o(i.MX_GPIO_Init) refers to stm32f1xx_hal_gpio.o(i.HAL_GPIO_WritePin) for HAL_GPIO_WritePin
    gpio.o(i.MX_GPIO_Init) refers to stm32f1xx_hal_gpio.o(i.HAL_GPIO_Init) for HAL_GPIO_Init
    can.o(i.HAL_CAN_MspDeInit) refers to stm32f1xx_hal_gpio.o(i.HAL_GPIO_DeInit) for HAL_GPIO_DeInit
    can.o(i.HAL_CAN_MspDeInit) refers to stm32f1xx_hal_cortex.o(i.HAL_NVIC_DisableIRQ) for HAL_NVIC_DisableIRQ
    can.o(i.HAL_CAN_MspInit) refers to stm32f1xx_hal_gpio.o(i.HAL_GPIO_Init) for HAL_GPIO_Init
    can.o(i.HAL_CAN_MspInit) refers to stm32f1xx_hal_cortex.o(i.HAL_NVIC_SetPriority) for HAL_NVIC_SetPriority
    can.o(i.HAL_CAN_MspInit) refers to stm32f1xx_hal_cortex.o(i.HAL_NVIC_EnableIRQ) for HAL_NVIC_EnableIRQ
    can.o(i.MX_CAN_Init) refers to stm32f1xx_hal_can.o(i.HAL_CAN_Init) for HAL_CAN_Init
    can.o(i.MX_CAN_Init) refers to main.o(i.Error_Handler) for Error_Handler
    can.o(i.MX_CAN_Init) refers to emm_v5.o(i.CAN1_Filter_Bank) for CAN1_Filter_Bank
    can.o(i.MX_CAN_Init) refers to can.o(.bss) for .bss
    dma.o(i.MX_DMA_Init) refers to stm32f1xx_hal_cortex.o(i.HAL_NVIC_SetPriority) for HAL_NVIC_SetPriority
    dma.o(i.MX_DMA_Init) refers to stm32f1xx_hal_cortex.o(i.HAL_NVIC_EnableIRQ) for HAL_NVIC_EnableIRQ
    usart.o(i.HAL_UART_MspDeInit) refers to stm32f1xx_hal_gpio.o(i.HAL_GPIO_DeInit) for HAL_GPIO_DeInit
    usart.o(i.HAL_UART_MspDeInit) refers to stm32f1xx_hal_dma.o(i.HAL_DMA_DeInit) for HAL_DMA_DeInit
    usart.o(i.HAL_UART_MspDeInit) refers to stm32f1xx_hal_cortex.o(i.HAL_NVIC_DisableIRQ) for HAL_NVIC_DisableIRQ
    usart.o(i.HAL_UART_MspInit) refers to stm32f1xx_hal_gpio.o(i.HAL_GPIO_Init) for HAL_GPIO_Init
    usart.o(i.HAL_UART_MspInit) refers to stm32f1xx_hal_dma.o(i.HAL_DMA_Init) for HAL_DMA_Init
    usart.o(i.HAL_UART_MspInit) refers to main.o(i.Error_Handler) for Error_Handler
    usart.o(i.HAL_UART_MspInit) refers to stm32f1xx_hal_cortex.o(i.HAL_NVIC_SetPriority) for HAL_NVIC_SetPriority
    usart.o(i.HAL_UART_MspInit) refers to stm32f1xx_hal_cortex.o(i.HAL_NVIC_EnableIRQ) for HAL_NVIC_EnableIRQ
    usart.o(i.HAL_UART_MspInit) refers to usart.o(.bss) for .bss
    usart.o(i.MX_USART1_UART_Init) refers to stm32f1xx_hal_uart.o(i.HAL_UART_Init) for HAL_UART_Init
[...]
    Removing stm32f1xx_hal_exti.o(i.HAL_EXTI_RegisterCallback), (14 bytes).
    Removing stm32f1xx_hal_exti.o(i.HAL_EXTI_SetConfigLine), (164 bytes).
    Removing stm32f1xx_hal_uart.o(.rev16_text), (4 bytes).
    Removing stm32f1xx_hal_uart.o(.revsh_text), (4 bytes).
    Removing stm32f1xx_hal_uart.o(.rrx_text), (6 bytes).
    Removing stm32f1xx_hal_uart.o(i.HAL_HalfDuplex_EnableReceiver), (50 bytes).
    Removing stm32f1xx_hal_uart.o(i.HAL_HalfDuplex_EnableTransmitter), (50 bytes).
    Removing stm32f1xx_hal_uart.o(i.HAL_HalfDuplex_Init), (110 bytes).
    Removing stm32f1xx_hal_uart.o(i.HAL_LIN_Init), (130 bytes).
    Removing stm32f1xx_hal_uart.o(i.HAL_LIN_SendBreak), (60 bytes).
    Removing stm32f1xx_hal_uart.o(i.HAL_MultiProcessor_EnterMuteMode), (62 bytes).
    Removing stm32f1xx_hal_uart.o(i.HAL_MultiProcessor_ExitMuteMode), (62 bytes).
    Removing stm32f1xx_hal_uart.o(i.HAL_MultiProcessor_Init), (144 bytes).
    Removing stm32f1xx_hal_uart.o(i.HAL_UARTEx_GetRxEventType), (4 bytes).
    Removing stm32f1xx_hal_uart.o(i.HAL_UARTEx_ReceiveToIdle), (240 bytes).
    Removing stm32f1xx_hal_uart.o(i.HAL_UARTEx_ReceiveToIdle_DMA), (74 bytes).
    Removing stm32f1xx_hal_uart.o(i.HAL_UARTEx_ReceiveToIdle_IT), (78 bytes).
    Removing stm32f1xx_hal_uart.o(i.HAL_UART_Abort), (210 bytes).
    Removing stm32f1xx_hal_uart.o(i.HAL_UART_AbortCpltCallback), (2 bytes).
    Removing stm32f1xx_hal_uart.o(i.HAL_UART_AbortReceive), (148 bytes).
    Removing stm32f1xx_hal_uart.o(i.HAL_UART_AbortReceiveCpltCallback), (2 bytes).
    Removing stm32f1xx_hal_uart.o(i.HAL_UART_AbortReceive_IT), (152 bytes).
    Removing stm32f1xx_hal_uart.o(i.HAL_UART_AbortTransmit), (98 bytes).
    Removing stm32f1xx_hal_uart.o(i.HAL_UART_AbortTransmitCpltCallback), (2 bytes).
    Removing stm32f1xx_hal_uart.o(i.HAL_UART_AbortTransmit_IT), (104 bytes).
    Removing stm32f1xx_hal_uart.o(i.HAL_UART_Abort_IT), (244 bytes).
    Removing stm32f1xx_hal_uart.o(i.HAL_UART_DMAPause), (120 bytes).
    Removing stm32f1xx_hal_uart.o(i.HAL_UART_DMAResume), (114 bytes).
    Removing stm32f1xx_hal_uart.o(i.HAL_UART_DeInit), (54 bytes).
    Removing stm32f1xx_hal_uart.o(i.HAL_UART_GetError), (4 bytes).
    Removing stm32f1xx_hal_uart.o(i.HAL_UART_GetState), (10 bytes).
    Removing stm32f1xx_hal_uart.o(i.HAL_UART_MspDeInit), (2 bytes).
    Removing stm32f1xx_hal_uart.o(i.HAL_UART_MspInit), (2 bytes).
    Removing stm32f1xx_hal_uart.o(i.HAL_UART_Receive), (176 bytes).
    Removing stm32f1xx_hal_uart.o(i.HAL_UART_Receive_IT), (28 bytes).
    Removing stm32f1xx_hal_uart.o(i.HAL_UART_Transmit_DMA), (120 bytes).
    Removing stm32f1xx_hal_uart.o(i.HAL_UART_Transmit_IT), (50 bytes).
    Removing stm32f1xx_hal_uart.o(i.HAL_UART_TxHalfCpltCallback), (2 bytes).
    Removing stm32f1xx_hal_uart.o(i.UART_DMARxAbortCallback), (44 bytes).
    Removing stm32f1xx_hal_uart.o(i.UART_DMARxOnlyAbortCallback), (22 bytes).
    Removing stm32f1xx_hal_uart.o(i.UART_DMATransmitCplt), (66 bytes).
    Removing stm32f1xx_hal_uart.o(i.UART_DMATxAbortCallback), (44 bytes).
    Removing stm32f1xx_hal_uart.o(i.UART_DMATxHalfCplt), (10 bytes).
    Removing stm32f1xx_hal_uart.o(i.UART_DMATxOnlyAbortCallback), (20 bytes).
    Removing stm32f1xx_hal_uart.o(i.UART_Start_Receive_IT), (54 bytes).
    Removing system_stm32f1xx.o(.rev16_text), (4 bytes).
    Removing system_stm32f1xx.o(.revsh_text), (4 bytes).
    Removing system_stm32f1xx.o(.rrx_text), (6 bytes).
    Removing system_stm32f1xx.o(i.SystemCoreClockUpdate), (104 bytes).
    Removing delay.o(.rev16_text), (4 bytes).
    Removing delay.o(.revsh_text), (4 bytes).
    Removing delay.o(.rrx_text), (6 bytes).
    Removing delay.o(i.delay_125_ns), (48 bytes).
    Removing delay.o(i.delay_14_ns), (52 bytes).
    Removing oled.o(.rev16_text), (4 bytes).
    Removing oled.o(.revsh_text), (4 bytes).
    Removing oled.o(.rrx_text), (6 bytes).
    Removing oled.o(i.OLED_Clear), (38 bytes).
    Removing oled.o(i.OLED_DrawBMP), (62 bytes).
    Removing oled.o(i.OLED_I2C_Init), (32 bytes).
    Removing oled.o(i.OLED_I2C_SendByte), (92 bytes).
    Removing oled.o(i.OLED_I2C_Start), (52 bytes).
    Removing oled.o(i.OLED_I2C_Stop), (44 bytes).
    Removing oled.o(i.OLED_Init), (172 bytes).
    Removing oled.o(i.OLED_Pow), (14 bytes).
    Removing oled.o(i.OLED_Printf), (40 bytes).
    Removing oled.o(i.OLED_SetCursor), (38 bytes).
    Removing oled.o(i.OLED_ShowBinNum), (58 bytes).
    Removing oled.o(i.OLED_ShowChar), (104 bytes).
    Removing oled.o(i.OLED_ShowFloatNum), (120 bytes).
    Removing oled.o(i.OLED_ShowHexNum), (68 bytes).
    Removing oled.o(i.OLED_ShowNum), (66 bytes).
    Removing oled.o(i.OLED_ShowSignedNum), (88 bytes).
    Removing oled.o(i.OLED_ShowString), (38 bytes).
    Removing oled.o(i.OLED_WriteCommand), (34 bytes).
    Removing oled.o(i.OLED_WriteData), (34 bytes).
    Removing oled.o(.constdata), (1520 bytes).
    Removing system.o(.rev16_text), (4 bytes).
    Removing system.o(.revsh_text), (4 bytes).
    Removing system.o(.rrx_text), (6 bytes).
    Removing kalman_filter.o(.rev16_text), (4 bytes).
    Removing kalman_filter.o(.revsh_text), (4 bytes).
    Removing kalman_filter.o(.rrx_text), (6 bytes).
    Removing kalman_filter.o(i.Kalman_Filter), (88 bytes).
    Removing kalman_filter.o(.data), (24 bytes).
    Removing emm_v5.o(.rev16_text), (4 bytes).
    Removing emm_v5.o(.revsh_text), (4 bytes).
    Removing emm_v5.o(.rrx_text), (6 bytes).
    Removing emm_v5.o(i.CANx_SendNormalData), (60 bytes).
    Removing emm_v5.o(i.Emm_V5_En_Control), (52 bytes).
    Removing emm_v5.o(i.Emm_V5_Modify_Ctrl_Mode), (52 bytes).
    Removing emm_v5.o(i.Emm_V5_Origin_Interrupt), (44 bytes).
    Removing emm_v5.o(i.Emm_V5_Origin_Modify_Params), (152 bytes).
    Removing emm_v5.o(i.Emm_V5_Origin_Set_O), (48 bytes).
    Removing emm_v5.o(i.Emm_V5_Origin_Trigger_Return), (46 bytes).
    Removing emm_v5.o(i.Emm_V5_Reset_Clog_Pro), (44 bytes).
    Removing emm_v5.o(i.Emm_V5_Reset_CurPos_To_Zero), (44 bytes).
    Removing emm_v5.o(i.Emm_V5_Stop_Now), (48 bytes).
    Removing emm_v5.o(i.Emm_V5_Synchronous_motion), (44 bytes).
    Removing emm_v5.o(i.Emm_V5_Vel_Control), (62 bytes).
    Removing emm_v5.o(.data), (4 bytes).
    Removing emm_v5.o(.data), (4 bytes).
    Removing emm_v5.o(.data), (4 bytes).
    Removing control.o(.rev16_text), (4 bytes).
    Removing control.o(.revsh_text), (4 bytes).
    Removing control.o(.rrx_text), (6 bytes).
    Removing control.o(i.Kalman_Init), (28 bytes).
    Removing control.o(i.lowpass_filter_x), (16 bytes).
    Removing control.o(i.lowpass_filter_y), (16 bytes).
    Removing control.o(.bss), (24 bytes).
    Removing control.o(.bss), (24 bytes).
    Removing pid.o(.rev16_text), (4 bytes).
    Removing pid.o(.revsh_text), (4 bytes).
    Removing pid.o(.rrx_text), (6 bytes).
    Removing fdiv.o(.text), (124 bytes).
    Removing ffixui.o(.text), (40 bytes).

305 unused section(s) (total 14848 bytes) removed from the image.

==============================================================================

Image Symbol Table

    Local Symbols

    Symbol Name                              Value     Ov Type        Size  Object(Section)

    ../Core/Src/can.c                        0x00000000   Number         0  can.o ABSOLUTE
    ../Core/Src/dma.c                        0x00000000   Number         0  dma.o ABSOLUTE
    ../Core/Src/gpio.c                       0x00000000   Number         0  gpio.o ABSOLUTE
    ../Core/Src/main.c                       0x00000000   Number         0  main.o ABSOLUTE
    ../Core/Src/stm32f1xx_hal_msp.c          0x00000000   Number         0  stm32f1xx_hal_msp.o ABSOLUTE
    ../Core/Src/stm32f1xx_it.c               0x00000000   Number         0  stm32f1xx_it.o ABSOLUTE
    ../Core/Src/system_stm32f1xx.c           0x00000000   Number         0  system_stm32f1xx.o ABSOLUTE
    ../Core/Src/usart.c                      0x00000000   Number         0  usart.o ABSOLUTE
    ../Drivers/STM32F1xx_HAL_Driver/Src/stm32f1xx_hal.c 0x00000000   Number         0  stm32f1xx_hal.o ABSOLUTE
    ../Drivers/STM32F1xx_HAL_Driver/Src/stm32f1xx_hal_can.c 0x00000000   Number         0  stm32f1xx_hal_can.o ABSOLUTE
    ../Drivers/STM32F1xx_HAL_Driver/Src/stm32f1xx_hal_cortex.c 0x00000000   Number         0  stm32f1xx_hal_cortex.o ABSOLUTE
    ../Drivers/STM32F1xx_HAL_Driver/Src/stm32f1xx_hal_dma.c 0x00000000   Number         0  stm32f1xx_hal_dma.o ABSOLUTE
    ../Drivers/STM32F1xx_HAL_Driver/Src/stm32f1xx_hal_exti.c 0x00000000   Number         0  stm32f1xx_hal_exti.o ABSOLUTE
    ../Drivers/STM32F1xx_HAL_Driver/Src/stm32f1xx_hal_flash.c 0x00000000   Number         0  stm32f1xx_hal_flash.o ABSOLUTE
    ../Drivers/STM32F1xx_HAL_Driver/Src/stm32f1xx_hal_flash_ex.c 0x00000000   Number         0  stm32f1xx_hal_flash_ex.o ABSOLUTE
    ../Drivers/STM32F1xx_HAL_Driver/Src/stm32f1xx_hal_gpio.c 0x00000000   Number         0  stm32f1xx_hal_gpio.o ABSOLUTE
    ../Drivers/STM32F1xx_HAL_Driver/Src/stm32f1xx_hal_gpio_ex.c 0x00000000   Number         0  stm32f1xx_hal_gpio_ex.o ABSOLUTE
    ../Drivers/STM32F1xx_HAL_Driver/Src/stm32f1xx_hal_pwr.c 0x00000000   Number         0  stm32f1xx_hal_pwr.o ABSOLUTE
    ../Drivers/STM32F1xx_HAL_Driver/Src/stm32f1xx_hal_rcc.c 0x00000000   Number         0  stm32f1xx_hal_rcc.o ABSOLUTE
    ../Drivers/STM32F1xx_HAL_Driver/Src/stm32f1xx_hal_rcc_ex.c 0x00000000   Number         0  stm32f1xx_hal_rcc_ex.o ABSOLUTE
    ../Drivers/STM32F1xx_HAL_Driver/Src/stm32f1xx_hal_uart.c 0x00000000   Number         0  stm32f1xx_hal_uart.o ABSOLUTE
    ../clib/microlib/division.c              0x00000000   Number         0  uldiv.o ABSOLUTE
    ../clib/microlib/division.c              0x00000000   Number         0  uidiv.o ABSOLUTE
    ../clib/microlib/init/entry.s            0x00000000   Number         0  entry8a.o ABSOLUTE
    ../clib/microlib/init/entry.s            0x00000000   Number         0  entry7b.o ABSOLUTE
    ../clib/microlib/init/entry.s            0x00000000   Number         0  entry.o ABSOLUTE
    ../clib/microlib/init/entry.s            0x00000000   Number         0  entry7a.o ABSOLUTE
    ../clib/microlib/init/entry.s            0x00000000   Number         0  entry5.o ABSOLUTE
    ../clib/microlib/init/entry.s            0x00000000   Number         0  entry11b.o ABSOLUTE
    ../clib/microlib/init/entry.s            0x00000000   Number         0  entry2.o ABSOLUTE
    ../clib/microlib/init/entry.s            0x00000000   Number         0  entry11a.o ABSOLUTE
    ../clib/microlib/init/entry.s            0x00000000   Number         0  entry10b.o ABSOLUTE
    ../clib/microlib/init/entry.s            0x00000000   Number         0  entry10a.o ABSOLUTE
    ../clib/microlib/init/entry.s            0x00000000   Number         0  entry9b.o ABSOLUTE
    ../clib/microlib/init/entry.s            0x00000000   Number         0  entry9a.o ABSOLUTE
    ../clib/microlib/init/entry.s            0x00000000   Number         0  entry8b.o ABSOLUTE
    ../clib/microlib/longlong.c              0x00000000   Number         0  llushr.o ABSOLUTE
    ../clib/microlib/longlong.c              0x00000000   Number         0  llsshr.o ABSOLUTE
    ../clib/microlib/longlong.c              0x00000000   Number         0  llshl.o ABSOLUTE
    ../clib/microlib/printf/printf.c         0x00000000   Number         0  printfb.o ABSOLUTE
    ../clib/microlib/printf/printf.c         0x00000000   Number         0  printf0.o ABSOLUTE
    ../clib/microlib/printf/printf.c         0x00000000   Number         0  printf4.o ABSOLUTE
    ../clib/microlib/printf/printf.c         0x00000000   Number         0  printf3.o ABSOLUTE
    ../clib/microlib/printf/printf.c         0x00000000   Number         0  printf2.o ABSOLUTE
    ../clib/microlib/printf/printf.c         0x00000000   Number         0  printf1.o ABSOLUTE
    ../clib/microlib/printf/printf.c         0x00000000   Number         0  printfa.o ABSOLUTE
    ../clib/microlib/printf/printf.c         0x00000000   Number         0  printf8.o ABSOLUTE
    ../clib/microlib/printf/printf.c         0x00000000   Number         0  printf5.o ABSOLUTE
    ../clib/microlib/printf/printf.c         0x00000000   Number         0  printf7.o ABSOLUTE
    ../clib/microlib/printf/printf.c         0x00000000   Number         0  printf6.o ABSOLUTE
    ../clib/microlib/printf/stubs.s          0x00000000   Number         0  stubs.o ABSOLUTE
    ../clib/microlib/stdio/streams.c         0x00000000   Number         0  stdout.o ABSOLUTE
    ../clib/microlib/string/memcpy.c         0x00000000   Number         0  memcpya.o ABSOLUTE
    ../clib/microlib/string/memcpy.c         0x00000000   Number         0  memcpyb.o ABSOLUTE
    ../clib/microlib/string/memset.c         0x00000000   Number         0  memseta.o ABSOLUTE
    ../clib/microlib/stubs.s                 0x00000000   Number         0  iusefp.o ABSOLUTE
    ../fplib/microlib/f2d.c                  0x00000000   Number         0  f2d.o ABSOLUTE
    ../fplib/microlib/fpadd.c                0x00000000   Number         0  fadd.o ABSOLUTE
    ../fplib/microlib/fpadd.c                0x00000000   Number         0  dadd.o ABSOLUTE
    ../fplib/microlib/fpdiv.c                0x00000000   Number         0  ddiv.o ABSOLUTE
    ../fplib/microlib/fpdiv.c                0x00000000   Number         0  fdiv.o ABSOLUTE
    ../fplib/microlib/fpepilogue.c           0x00000000   Number         0  depilogue.o ABSOLUTE
    ../fplib/microlib/fpepilogue.c           0x00000000   Number         0  fepilogue.o ABSOLUTE
    ../fplib/microlib/fpfix.c                0x00000000   Number         0  ffixi.o ABSOLUTE
    ../fplib/microlib/fpfix.c                0x00000000   Number         0  dfixul.o ABSOLUTE
    ../fplib/microlib/fpfix.c                0x00000000   Number         0  ffixui.o ABSOLUTE
    ../fplib/microlib/fpflt.c                0x00000000   Number         0  fflti.o ABSOLUTE
    ../fplib/microlib/fpflt.c                0x00000000   Number         0  ffltui.o ABSOLUTE
    ../fplib/microlib/fpmul.c                0x00000000   Number         0  dmul.o ABSOLUTE
    ../fplib/microlib/fpmul.c                0x00000000   Number         0  fmul.o ABSOLUTE
    ../fplib/microlib/fpscalb.c              0x00000000   Number         0  fscalb.o ABSOLUTE
    ..\Core\Src\can.c                        0x00000000   Number         0  can.o ABSOLUTE
    ..\Core\Src\dma.c                        0x00000000   Number         0  dma.o ABSOLUTE
    ..\Core\Src\gpio.c                       0x00000000   Number         0  gpio.o ABSOLUTE
    ..\Core\Src\main.c                       0x00000000   Number         0  main.o ABSOLUTE
    ..\Core\Src\stm32f1xx_hal_msp.c          0x00000000   Number         0  stm32f1xx_hal_msp.o ABSOLUTE
    ..\Core\Src\stm32f1xx_it.c               0x00000000   Number         0  stm32f1xx_it.o ABSOLUTE
    ..\Core\Src\system_stm32f1xx.c           0x00000000   Number         0  system_stm32f1xx.o ABSOLUTE
    ..\Core\Src\usart.c                      0x00000000   Number         0  usart.o ABSOLUTE
    ..\Drivers\STM32F1xx_HAL_Driver\Src\stm32f1xx_hal.c 0x00000000   Number         0  stm32f1xx_hal.o ABSOLUTE
    ..\Drivers\STM32F1xx_HAL_Driver\Src\stm32f1xx_hal_can.c 0x00000000   Number         0  stm32f1xx_hal_can.o ABSOLUTE
    ..\Drivers\STM32F1xx_HAL_Driver\Src\stm32f1xx_hal_cortex.c 0x00000000   Number         0  stm32f1xx_hal_cortex.o ABSOLUTE
    ..\Drivers\STM32F1xx_HAL_Driver\Src\stm32f1xx_hal_dma.c 0x00000000   Number         0  stm32f1xx_hal_dma.o ABSOLUTE
    ..\Drivers\STM32F1xx_HAL_Driver\Src\stm32f1xx_hal_exti.c 0x00000000   Number         0  stm32f1xx_hal_exti.o ABSOLUTE
    ..\Drivers\STM32F1xx_HAL_Driver\Src\stm32f1xx_hal_flash.c 0x00000000   Number         0  stm32f1xx_hal_flash.o ABSOLUTE
    ..\Drivers\STM32F1xx_HAL_Driver\Src\stm32f1xx_hal_flash_ex.c 0x00000000   Number         0  stm32f1xx_hal_flash_ex.o ABSOLUTE
    ..\Drivers\STM32F1xx_HAL_Driver\Src\stm32f1xx_hal_gpio.c 0x00000000   Number         0  stm32f1xx_hal_gpio.o ABSOLUTE
    ..\Drivers\STM32F1xx_HAL_Driver\Src\stm32f1xx_hal_gpio_ex.c 0x00000000   Number         0  stm32f1xx_hal_gpio_ex.o ABSOLUTE
    ..\Drivers\STM32F1xx_HAL_Driver\Src\stm32f1xx_hal_pwr.c 0x00000000   Number         0  stm32f1xx_hal_pwr.o ABSOLUTE
    ..\Drivers\STM32F1xx_HAL_Driver\Src\stm32f1xx_hal_rcc.c 0x00000000   Number         0  stm32f1xx_hal_rcc.o ABSOLUTE
    ..\Drivers\STM32F1xx_HAL_Driver\Src\stm32f1xx_hal_rcc_ex.c 0x00000000   Number         0  stm32f1xx_hal_rcc_ex.o ABSOLUTE
    ..\Drivers\STM32F1xx_HAL_Driver\Src\stm32f1xx_hal_uart.c 0x00000000   Number         0  stm32f1xx_hal_uart.o ABSOLUTE
    ..\Hardware\Control\Control.c            0x00000000   Number         0  control.o ABSOLUTE
    ..\Hardware\Delay\delay.c                0x00000000   Number         0  delay.o ABSOLUTE
    ..\Hardware\Emm_v5\Emm_V5.c              0x00000000   Number         0  emm_v5.o ABSOLUTE
    ..\Hardware\Kalman_Filter\Kalman_Filter.c 0x00000000   Number         0  kalman_filter.o ABSOLUTE
    ..\Hardware\PID\PID.c                    0x00000000   Number         0  pid.o ABSOLUTE
    ..\Hardware\System\System.c              0x00000000   Number         0  system.o ABSOLUTE
    ..\Hardware\oled\oled.c                  0x00000000   Number         0  oled.o ABSOLUTE
    ..\\Hardware\\Control\\Control.c         0x00000000   Number         0  control.o ABSOLUTE
    ..\\Hardware\\Delay\\delay.c             0x00000000   Number         0  delay.o ABSOLUTE
    ..\\Hardware\\Emm_v5\\Emm_V5.c           0x00000000   Number         0  emm_v5.o ABSOLUTE
    ..\\Hardware\\Kalman_Filter\\Kalman_Filter.c 0x00000000   Number         0  kalman_filter.o ABSOLUTE
    ..\\Hardware\\PID\\PID.c                 0x00000000   Number         0  pid.o ABSOLUTE
    ..\\Hardware\\System\\System.c           0x00000000   Number         0  system.o ABSOLUTE
    ..\\Hardware\\oled\\oled.c               0x00000000   Number         0  oled.o ABSOLUTE
    cdrcmple.s                               0x00000000   Number         0  cdrcmple.o ABSOLUTE
    dc.s                                     0x00000000   Number         0  dc.o ABSOLUTE
    handlers.s                               0x00000000   Number         0  handlers.o ABSOLUTE
    init.s                                   0x00000000   Number         0  init.o ABSOLUTE
    startup_stm32f103xb.s                    0x00000000   Number         0  startup_stm32f103xb.o ABSOLUTE
    RESET                                    0x08000000   Section      236  startup_stm32f103xb.o(RESET)
    .ARM.Collect$$$$00000000                 0x080000ec   Section        0  entry.o(.ARM.Collect$$$$00000000)
    .ARM.Collect$$$$00000001                 0x080000ec   Section        4  entry2.o(.ARM.Collect$$$$00000001)
    .ARM.Collect$$$$00000004                 0x080000f0   Section        4  entry5.o(.ARM.Collect$$$$00000004)
    .ARM.Collect$$$$00000008                 0x080000f4   Section        0  entry7b.o(.ARM.Collect$$$$00000008)
    .ARM.Collect$$$$0000000A                 0x080000f4   Section        0  entry8b.o(.ARM.Collect$$$$0000000A)
    .ARM.Collect$$$$0000000B                 0x080000f4   Section        8  entry9a.o(.ARM.Collect$$$$0000000B)
    .ARM.Collect$$$$0000000D                 0x080000fc   Section        0  entry10a.o(.ARM.Collect$$$$0000000D)
    .ARM.Collect$$$$0000000F                 0x080000fc   Section        0  entry11a.o(.ARM.Collect$$$$0000000F)
    .ARM.Collect$$$$00002712                 0x080000fc   Section        4  entry2.o(.ARM.Collect$$$$00002712)
    __lit__00000000                          0x080000fc   Data           4  entry2.o(.ARM.Collect$$$$00002712)
    .text                                    0x08000100   Section       36  startup_stm32f103xb.o(.text)
    .text                                    0x08000124   Section        0  llushr.o(.text)
    .text                                    0x08000144   Section        0  memcpya.o(.text)
    .text                                    0x08000168   Section        0  memseta.o(.text)
    .text                                    0x0800018c   Section        0  fadd.o(.text)
    .text                                    0x0800023c   Section        0  fmul.o(.text)
    .text                                    0x080002a0   Section        0  fscalb.o(.text)
    .text                                    0x080002b8   Section        0  fflti.o(.text)
    .text                                    0x080002ca   Section        0  ffltui.o(.text)
    .text                                    0x080002d4   Section        0  ffixi.o(.text)
    .text                                    0x08000306   Section        0  f2d.o(.text)
    .text                                    0x0800032c   Section        0  uidiv.o(.text)
    .text                                    0x08000358   Section        0  uldiv.o(.text)
    .text                                    0x080003ba   Section        0  fepilogue.o(.text)
    .text                                    0x080003ba   Section        0  iusefp.o(.text)
    .text                                    0x08000428   Section        0  dadd.o(.text)
    .text                                    0x08000576   Section        0  dmul.o(.text)
    .text                                    0x0800065a   Section        0  ddiv.o(.text)
    .text                                    0x08000738   Section        0  dfixul.o(.text)
    .text                                    0x08000768   Section       48  cdrcmple.o(.text)
    .text                                    0x08000798   Section       36  init.o(.text)
    .text                                    0x080007bc   Section        0  llshl.o(.text)
    .text                                    0x080007da   Section        0  llsshr.o(.text)
    .text                                    0x080007fe   Section        0  depilogue.o(.text)
    i.Angle_Read                             0x080008b8   Section        0  control.o(i.Angle_Read)
    i.BusFault_Handler                       0x08000908   Section        0  stm32f1xx_it.o(i.BusFault_Handler)
    i.CAN1_Filter_Bank                       0x0800090c   Section        0  emm_v5.o(i.CAN1_Filter_Bank)
    i.CAN1_RX0_Data                          0x080009a0   Section        0  control.o(i.CAN1_RX0_Data)
    i.CAN1_RX0_IRQ                           0x080009d4   Section        0  control.o(i.CAN1_RX0_IRQ)
    i.DMA1_Channel5_IRQHandler               0x08000a24   Section        0  stm32f1xx_it.o(i.DMA1_Channel5_IRQHandler)
    i.DMA_SetConfig                          0x08000a26   Section        0  stm32f1xx_hal_dma.o(i.DMA_SetConfig)
    DMA_SetConfig                            0x08000a27   Thumb Code    42  stm32f1xx_hal_dma.o(i.DMA_SetConfig)
    i.DWT_Init                               0x08000a50   Section        0  delay.o(i.DWT_Init)
    i.DebugMon_Handler                       0x08000a74   Section        0  stm32f1xx_it.o(i.DebugMon_Handler)
    i.Emm_V5_Pos_Control                     0x08000a76   Section        0  emm_v5.o(i.Emm_V5_Pos_Control)
    i.Emm_V5_Read_Sys_Params                 0x08000ad6   Section        0  emm_v5.o(i.Emm_V5_Read_Sys_Params)
    i.Error_Handler                          0x08000b60   Section        0  main.o(i.Error_Handler)
    i.Gimbal_Control_Wait                    0x08000b64   Section        0  control.o(i.Gimbal_Control_Wait)
    i.Gimbal_Down_Angle_PID                  0x08000b7c   Section        0  pid.o(i.Gimbal_Down_Angle_PID)
    i.Gimbal_Up_Angle_PID                    0x08000c28   Section        0  pid.o(i.Gimbal_Up_Angle_PID)
    i.Gimbal_while                           0x08000cb4   Section        0  control.o(i.Gimbal_while)
    i.HAL_CAN_ActivateNotification           0x08000ce0   Section        0  stm32f1xx_hal_can.o(i.HAL_CAN_ActivateNotification)
    i.HAL_CAN_AddTxMessage                   0x08000d04   Section        0  stm32f1xx_hal_can.o(i.HAL_CAN_AddTxMessage)
    i.HAL_CAN_ConfigFilter                   0x08000dc0   Section        0  stm32f1xx_hal_can.o(i.HAL_CAN_ConfigFilter)
    i.HAL_CAN_ErrorCallback                  0x08000eae   Section        0  stm32f1xx_hal_can.o(i.HAL_CAN_ErrorCallback)
    i.HAL_CAN_GetRxFifoFillLevel             0x08000eb0   Section        0  stm32f1xx_hal_can.o(i.HAL_CAN_GetRxFifoFillLevel)
    i.HAL_CAN_GetRxMessage                   0x08000ed2   Section        0  stm32f1xx_hal_can.o(i.HAL_CAN_GetRxMessage)
    i.HAL_CAN_GetTxMailboxesFreeLevel        0x08000fc6   Section        0  stm32f1xx_hal_can.o(i.HAL_CAN_GetTxMailboxesFreeLevel)
    i.HAL_CAN_IRQHandler                     0x08000ff2   Section        0  stm32f1xx_hal_can.o(i.HAL_CAN_IRQHandler)
    i.HAL_CAN_Init                           0x080011ee   Section        0  stm32f1xx_hal_can.o(i.HAL_CAN_Init)
    i.HAL_CAN_MspInit                        0x08001308   Section        0  can.o(i.HAL_CAN_MspInit)
    i.HAL_CAN_RxFifo0FullCallback            0x080013b0   Section        0  stm32f1xx_hal_can.o(i.HAL_CAN_RxFifo0FullCallback)
    i.HAL_CAN_RxFifo0MsgPendingCallback      0x080013b2   Section        0  stm32f1xx_hal_can.o(i.HAL_CAN_RxFifo0MsgPendingCallback)
    i.HAL_CAN_RxFifo1FullCallback            0x080013b4   Section        0  stm32f1xx_hal_can.o(i.HAL_CAN_RxFifo1FullCallback)
    i.HAL_CAN_RxFifo1MsgPendingCallback      0x080013b6   Section        0  stm32f1xx_hal_can.o(i.HAL_CAN_RxFifo1MsgPendingCallback)
    i.HAL_CAN_SleepCallback                  0x080013b8   Section        0  stm32f1xx_hal_can.o(i.HAL_CAN_SleepCallback)
    i.HAL_CAN_Start                          0x080013bc   Section        0  stm32f1xx_hal_can.o(i.HAL_CAN_Start)
    i.HAL_CAN_TxMailbox0AbortCallback        0x08001414   Section        0  stm32f1xx_hal_can.o(i.HAL_CAN_TxMailbox0AbortCallback)
    i.HAL_CAN_TxMailbox0CompleteCallback     0x08001418   Section        0  emm_v5.o(i.HAL_CAN_TxMailbox0CompleteCallback)
    i.HAL_CAN_TxMailbox1AbortCallback        0x08001488   Section        0  stm32f1xx_hal_can.o(i.HAL_CAN_TxMailbox1AbortCallback)
    i.HAL_CAN_TxMailbox1CompleteCallback     0x0800148a   Section        0  stm32f1xx_hal_can.o(i.HAL_CAN_TxMailbox1CompleteCallback)
    i.HAL_CAN_TxMailbox2AbortCallback        0x0800148c   Section        0  stm32f1xx_hal_can.o(i.HAL_CAN_TxMailbox2AbortCallback)
    i.HAL_CAN_TxMailbox2CompleteCallback     0x0800148e   Section        0  stm32f1xx_hal_can.o(i.HAL_CAN_TxMailbox2CompleteCallback)
    i.HAL_CAN_WakeUpFromRxMsgCallback        0x08001490   Section        0  stm32f1xx_hal_can.o(i.HAL_CAN_WakeUpFromRxMsgCallback)
    i.HAL_DMA_Abort                          0x08001492   Section        0  stm32f1xx_hal_dma.o(i.HAL_DMA_Abort)
    i.HAL_DMA_Abort_IT                       0x080014d8   Section        0  stm32f1xx_hal_dma.o(i.HAL_DMA_Abort_IT)
    i.HAL_DMA_Init                           0x08001570   Section        0  stm32f1xx_hal_dma.o(i.HAL_DMA_Init)
    i.HAL_DMA_Start_IT                       0x080015cc   Section        0  stm32f1xx_hal_dma.o(i.HAL_DMA_Start_IT)
    i.HAL_GPIO_Init                          0x0800163c   Section        0  stm32f1xx_hal_gpio.o(i.HAL_GPIO_Init)
    i.HAL_GPIO_WritePin                      0x0800181c   Section        0  stm32f1xx_hal_gpio.o(i.HAL_GPIO_WritePin)
    i.HAL_GetTick                            0x08001828   Section        0  stm32f1xx_hal.o(i.HAL_GetTick)
    i.HAL_IncTick                            0x08001834   Section        0  stm32f1xx_hal.o(i.HAL_IncTick)
    i.HAL_Init                               0x08001844   Section        0  stm32f1xx_hal.o(i.HAL_Init)
    i.HAL_InitTick                           0x08001868   Section        0  stm32f1xx_hal.o(i.HAL_InitTick)
    i.HAL_MspInit                            0x080018a8   Section        0  stm32f1xx_hal_msp.o(i.HAL_MspInit)
    i.HAL_NVIC_EnableIRQ                     0x080018e4   Section        0  stm32f1xx_hal_cortex.o(i.HAL_NVIC_EnableIRQ)
    i.HAL_NVIC_SetPriority                   0x08001900   Section        0  stm32f1xx_hal_cortex.o(i.HAL_NVIC_SetPriority)
    i.HAL_NVIC_SetPriorityGrouping           0x08001940   Section        0  stm32f1xx_hal_cortex.o(i.HAL_NVIC_SetPriorityGrouping)
    i.HAL_RCC_ClockConfig                    0x08001964   Section        0  stm32f1xx_hal_rcc.o(i.HAL_RCC_ClockConfig)
    i.HAL_RCC_GetPCLK1Freq                   0x08001a90   Section        0  stm32f1xx_hal_rcc.o(i.HAL_RCC_GetPCLK1Freq)
    i.HAL_RCC_GetPCLK2Freq                   0x08001ab0   Section        0  stm32f1xx_hal_rcc.o(i.HAL_RCC_GetPCLK2Freq)
    i.HAL_RCC_GetSysClockFreq                0x08001ad0   Section        0  stm32f1xx_hal_rcc.o(i.HAL_RCC_GetSysClockFreq)
    i.HAL_RCC_OscConfig                      0x08001b1c   Section        0  stm32f1xx_hal_rcc.o(i.HAL_RCC_OscConfig)
    i.HAL_SYSTICK_Config                     0x08001e3c   Section        0  stm32f1xx_hal_cortex.o(i.HAL_SYSTICK_Config)
    i.HAL_UARTEx_RxEventCallback             0x08001e64   Section        0  stm32f1xx_hal_uart.o(i.HAL_UARTEx_RxEventCallback)
    i.HAL_UART_DMAStop                       0x08001e66   Section        0  stm32f1xx_hal_uart.o(i.HAL_UART_DMAStop)
    i.HAL_UART_ErrorCallback                 0x08001ed6   Section        0  stm32f1xx_hal_uart.o(i.HAL_UART_ErrorCallback)
    i.HAL_UART_IRQHandler                    0x08001ed8   Section        0  stm32f1xx_hal_uart.o(i.HAL_UART_IRQHandler)
    i.HAL_UART_Init                          0x08002144   Section        0  stm32f1xx_hal_uart.o(i.HAL_UART_Init)
    i.HAL_UART_MspInit                       0x080021a8   Section        0  usart.o(i.HAL_UART_MspInit)
    i.HAL_UART_Receive_DMA                   0x08002258   Section        0  stm32f1xx_hal_uart.o(i.HAL_UART_Receive_DMA)
    i.HAL_UART_RxCpltCallback                0x08002274   Section        0  stm32f1xx_hal_uart.o(i.HAL_UART_RxCpltCallback)
    i.HAL_UART_RxHalfCpltCallback            0x08002276   Section        0  stm32f1xx_hal_uart.o(i.HAL_UART_RxHalfCpltCallback)
    i.HAL_UART_Transmit                      0x08002278   Section        0  stm32f1xx_hal_uart.o(i.HAL_UART_Transmit)
    i.HAL_UART_TxCpltCallback                0x08002318   Section        0  stm32f1xx_hal_uart.o(i.HAL_UART_TxCpltCallback)
    i.HardFault_Handler                      0x0800231a   Section        0  stm32f1xx_it.o(i.HardFault_Handler)
    i.K230_Control                           0x0800231c   Section        0  control.o(i.K230_Control)
    i.K230_Header_Tail_Check                 0x0800246c   Section        0  control.o(i.K230_Header_Tail_Check)
    i.MX_CAN_Init                            0x080024ac   Section        0  can.o(i.MX_CAN_Init)
    i.MX_DMA_Init                            0x080024f0   Section        0  dma.o(i.MX_DMA_Init)
    i.MX_GPIO_Init                           0x0800251c   Section        0  gpio.o(i.MX_GPIO_Init)
    i.MX_USART1_UART_Init                    0x080025c4   Section        0  usart.o(i.MX_USART1_UART_Init)
    i.MemManage_Handler                      0x080025fc   Section        0  stm32f1xx_it.o(i.MemManage_Handler)
    i.NMI_Handler                            0x080025fe   Section        0  stm32f1xx_it.o(i.NMI_Handler)
    i.PID_Set_Gimbal_Target                  0x08002600   Section        0  pid.o(i.PID_Set_Gimbal_Target)
    i.SysTick_Handler                        0x0800260c   Section        0  stm32f1xx_it.o(i.SysTick_Handler)
    i.SystemClock_Config                     0x08002610   Section        0  main.o(i.SystemClock_Config)
    i.SystemInit                             0x0800266e   Section        0  system_stm32f1xx.o(i.SystemInit)
    i.Target_Search_360                      0x08002670   Section        0  control.o(i.Target_Search_360)
    i.UART_DMAAbortOnError                   0x0800274c   Section        0  stm32f1xx_hal_uart.o(i.UART_DMAAbortOnError)
    UART_DMAAbortOnError                     0x0800274d   Thumb Code    16  stm32f1xx_hal_uart.o(i.UART_DMAAbortOnError)
    i.UART_DMAError                          0x0800275c   Section        0  stm32f1xx_hal_uart.o(i.UART_DMAError)
    UART_DMAError                            0x0800275d   Thumb Code    74  stm32f1xx_hal_uart.o(i.UART_DMAError)
    i.UART_DMAReceiveCplt                    0x080027a6   Section        0  stm32f1xx_hal_uart.o(i.UART_DMAReceiveCplt)
    UART_DMAReceiveCplt                      0x080027a7   Thumb Code   134  stm32f1xx_hal_uart.o(i.UART_DMAReceiveCplt)
    i.UART_DMARxHalfCplt                     0x0800282c   Section        0  stm32f1xx_hal_uart.o(i.UART_DMARxHalfCplt)
    UART_DMARxHalfCplt                       0x0800282d   Thumb Code    30  stm32f1xx_hal_uart.o(i.UART_DMARxHalfCplt)
    i.UART_EndRxTransfer                     0x0800284a   Section        0  stm32f1xx_hal_uart.o(i.UART_EndRxTransfer)
    UART_EndRxTransfer                       0x0800284b   Thumb Code    78  stm32f1xx_hal_uart.o(i.UART_EndRxTransfer)
    i.UART_EndTxTransfer                     0x08002898   Section        0  stm32f1xx_hal_uart.o(i.UART_EndTxTransfer)
    UART_EndTxTransfer                       0x08002899   Thumb Code    28  stm32f1xx_hal_uart.o(i.UART_EndTxTransfer)
    i.UART_Receive_IT                        0x080028b4   Section        0  stm32f1xx_hal_uart.o(i.UART_Receive_IT)
    UART_Receive_IT                          0x080028b5   Thumb Code   194  stm32f1xx_hal_uart.o(i.UART_Receive_IT)
    i.UART_SetConfig                         0x08002978   Section        0  stm32f1xx_hal_uart.o(i.UART_SetConfig)
    UART_SetConfig                           0x08002979   Thumb Code   178  stm32f1xx_hal_uart.o(i.UART_SetConfig)
    i.UART_Start_Receive_DMA                 0x08002a30   Section        0  stm32f1xx_hal_uart.o(i.UART_Start_Receive_DMA)
    i.UART_WaitOnFlagUntilTimeout            0x08002ac0   Section        0  stm32f1xx_hal_uart.o(i.UART_WaitOnFlagUntilTimeout)
    UART_WaitOnFlagUntilTimeout              0x08002ac1   Thumb Code   114  stm32f1xx_hal_uart.o(i.UART_WaitOnFlagUntilTimeout)
    i.USART1_IRQ                             0x08002b34   Section        0  control.o(i.USART1_IRQ)
    i.USART1_IRQHandler                      0x08002ba4   Section        0  stm32f1xx_it.o(i.USART1_IRQHandler)
    i.USB_HP_CAN1_TX_IRQHandler              0x08002bb8   Section        0  stm32f1xx_it.o(i.USB_HP_CAN1_TX_IRQHandler)
    i.USB_LP_CAN1_RX0_IRQHandler             0x08002bc4   Section        0  stm32f1xx_it.o(i.USB_LP_CAN1_RX0_IRQHandler)
    i.UsageFault_Handler                     0x08002bd8   Section        0  stm32f1xx_it.o(i.UsageFault_Handler)
    i.__0printf                              0x08002bdc   Section        0  printfa.o(i.__0printf)
    i.__NVIC_SetPriority                     0x08002bfc   Section        0  stm32f1xx_hal_cortex.o(i.__NVIC_SetPriority)
    __NVIC_SetPriority                       0x08002bfd   Thumb Code    32  stm32f1xx_hal_cortex.o(i.__NVIC_SetPriority)
    i.__scatterload_copy                     0x08002c1c   Section       14  handlers.o(i.__scatterload_copy)
    i.__scatterload_null                     0x08002c2a   Section        2  handlers.o(i.__scatterload_null)
    i.__scatterload_zeroinit                 0x08002c2c   Section       14  handlers.o(i.__scatterload_zeroinit)
    i._fp_digits                             0x08002c3c   Section        0  printfa.o(i._fp_digits)
    _fp_digits                               0x08002c3d   Thumb Code   366  printfa.o(i._fp_digits)
    i._printf_core                           0x08002dc0   Section        0  printfa.o(i._printf_core)
    _printf_core                             0x08002dc1   Thumb Code  1744  printfa.o(i._printf_core)
    i._printf_post_padding                   0x0800349c   Section        0  printfa.o(i._printf_post_padding)
    _printf_post_padding                     0x0800349d   Thumb Code    36  printfa.o(i._printf_post_padding)
    i._printf_pre_padding                    0x080034c0   Section        0  printfa.o(i._printf_pre_padding)
    _printf_pre_padding                      0x080034c1   Thumb Code    46  printfa.o(i._printf_pre_padding)
    i.can_EnqueueCmd                         0x080034f0   Section        0  emm_v5.o(i.can_EnqueueCmd)
    i.can_SendCmd                            0x08003554   Section        0  emm_v5.o(i.can_SendCmd)
    i.can_SendNextCmd                        0x08003568   Section        0  emm_v5.o(i.can_SendNextCmd)
    i.delay_ms                               0x08003640   Section        0  delay.o(i.delay_ms)
    i.delay_us                               0x0800365c   Section        0  delay.o(i.delay_us)
    i.fputc                                  0x08003688   Section        0  usart.o(i.fputc)
    i.main                                   0x080036a0   Section        0  main.o(i.main)
    i.sys_init                               0x080036e0   Section        0  system.o(i.sys_init)
    i.system_Params_Init                     0x08003710   Section        0  system.o(i.system_Params_Init)
    .constdata                               0x08003760   Section       18  stm32f1xx_hal_rcc.o(.constdata)
    aPredivFactorTable                       0x08003760   Data           2  stm32f1xx_hal_rcc.o(.constdata)
    aPLLMULFactorTable                       0x08003762   Data          16  stm32f1xx_hal_rcc.o(.constdata)
    .constdata                               0x08003772   Section       16  system_stm32f1xx.o(.constdata)
    .constdata                               0x08003782   Section        8  system_stm32f1xx.o(.constdata)
    .data                                    0x20000000   Section       12  stm32f1xx_hal.o(.data)
    .data                                    0x2000000c   Section        4  system_stm32f1xx.o(.data)
    .data                                    0x20000010   Section       44  control.o(.data)
    state                                    0x20000011   Data           1  control.o(.data)
    count                                    0x20000013   Data           1  control.o(.data)
    packnum_temp_Show                        0x20000014   Data           1  control.o(.data)
    led_detect_state                         0x2000001c   Data           2  control.o(.data)
    led_none_state                           0x2000001e   Data           2  control.o(.data)
    X_temp                                   0x20000020   Data           2  control.o(.data)
    Y_temp                                   0x20000022   Data           2  control.o(.data)
    now_angle                                0x2000002c   Data           4  control.o(.data)
    Now_time                                 0x20000030   Data           4  control.o(.data)
    Last_time                                0x20000034   Data           4  control.o(.data)
    err                                      0x20000038   Data           4  control.o(.data)
    .data                                    0x2000003c   Section       32  pid.o(.data)
    Angel_encoder_err                        0x2000003c   Data           4  pid.o(.data)
    last_err                                 0x20000040   Data           4  pid.o(.data)
    err_difference                           0x20000044   Data           4  pid.o(.data)
    target_velocity                          0x20000048   Data           4  pid.o(.data)
    target_acceleration                      0x2000004c   Data           4  pid.o(.data)
    Angel_encoder_err                        0x20000050   Data           4  pid.o(.data)
    last_err                                 0x20000054   Data           4  pid.o(.data)
    err_difference                           0x20000058   Data           4  pid.o(.data)
    .data                                    0x2000005c   Section        4  stdout.o(.data)
    .bss                                     0x20000060   Section       40  can.o(.bss)
    .bss                                     0x20000088   Section      140  usart.o(.bss)
    .bss                                     0x20000114   Section     2054  system.o(.bss)
    .bss                                     0x2000091c   Section      652  emm_v5.o(.bss)
    canCmdQueue                              0x2000091c   Data         328  emm_v5.o(.bss)
    canSendBuffer                            0x20000a64   Data         324  emm_v5.o(.bss)
    .bss                                     0x20000ba8   Section      274  control.o(.bss)
    .bss                                     0x20000cbc   Section       56  pid.o(.bss)
    STACK                                    0x20000cf8   Section     1024  startup_stm32f103xb.o(STACK)

    Global Symbols

    Symbol Name                              Value     Ov Type        Size  Object(Section)

    BuildAttributes$$THM_ISAv4$P$D$K$B$S$PE$A:L22UL41UL21$X:L11$S22US41US21$IEEE1$IW$USESV6$~STKCKD$USESV7$~SHL$OTIME$ROPI$EBA8$MICROLIB$REQ8$PRES8$EABIv2 0x00000000   Number         0  anon$$obj.o ABSOLUTE
    __ARM_use_no_argv                        0x00000000   Number         0  main.o ABSOLUTE
    _printf_a                                0x00000000   Number         0  stubs.o ABSOLUTE
    _printf_c                                0x00000000   Number         0  stubs.o ABSOLUTE
    _printf_charcount                        0x00000000   Number         0  stubs.o ABSOLUTE
    _printf_d                                0x00000000   Number         0  stubs.o ABSOLUTE
    _printf_e                                0x00000000   Number         0  stubs.o ABSOLUTE
    _printf_f                                0x00000000   Number         0  stubs.o ABSOLUTE
    _printf_flags                            0x00000000   Number         0  stubs.o ABSOLUTE
    _printf_fp_dec                           0x00000000   Number         0  stubs.o ABSOLUTE
    _printf_fp_hex                           0x00000000   Number         0  stubs.o ABSOLUTE
    _printf_g                                0x00000000   Number         0  stubs.o ABSOLUTE
    _printf_i                                0x00000000   Number         0  stubs.o ABSOLUTE
    _printf_int_dec                          0x00000000   Number         0  stubs.o ABSOLUTE
    _printf_l                                0x00000000   Number         0  stubs.o ABSOLUTE
    _printf_lc                               0x00000000   Number         0  stubs.o ABSOLUTE
    _printf_ll                               0x00000000   Number         0  stubs.o ABSOLUTE
    _printf_lld                              0x00000000   Number         0  stubs.o ABSOLUTE
    _printf_lli                              0x00000000   Number         0  stubs.o ABSOLUTE
    _printf_llo                              0x00000000   Number         0  stubs.o ABSOLUTE
    _printf_llu                              0x00000000   Number         0  stubs.o ABSOLUTE
    _printf_llx                              0x00000000   Number         0  stubs.o ABSOLUTE
    _printf_longlong_dec                     0x00000000   Number         0  stubs.o ABSOLUTE
    _printf_longlong_hex                     0x00000000   Number         0  stubs.o ABSOLUTE
    _printf_longlong_oct                     0x00000000   Number         0  stubs.o ABSOLUTE
    _printf_ls                               0x00000000   Number         0  stubs.o ABSOLUTE
    _printf_mbtowc                           0x00000000   Number         0  stubs.o ABSOLUTE
    _printf_n                                0x00000000   Number         0  stubs.o ABSOLUTE
    _printf_o                                0x00000000   Number         0  stubs.o ABSOLUTE
    _printf_p                                0x00000000   Number         0  stubs.o ABSOLUTE
    _printf_percent                          0x00000000   Number         0  stubs.o ABSOLUTE
    _printf_pre_padding                      0x00000000   Number         0  stubs.o ABSOLUTE
    _printf_return_value                     0x00000000   Number         0  stubs.o ABSOLUTE
    _printf_s                                0x00000000   Number         0  stubs.o ABSOLUTE
    _printf_sizespec                         0x00000000   Number         0  stubs.o ABSOLUTE
    _printf_str                              0x00000000   Number         0  stubs.o ABSOLUTE
    _printf_truncate_signed                  0x00000000   Number         0  stubs.o ABSOLUTE
    _printf_truncate_unsigned                0x00000000   Number         0  stubs.o ABSOLUTE
    _printf_u                                0x00000000   Number         0  stubs.o ABSOLUTE
    _printf_wc                               0x00000000   Number         0  stubs.o ABSOLUTE
    _printf_wctomb                           0x00000000   Number         0  stubs.o ABSOLUTE
    _printf_widthprec                        0x00000000   Number         0  stubs.o ABSOLUTE
    _printf_x                                0x00000000   Number         0  stubs.o ABSOLUTE
    __cpp_initialize__aeabi_                  - Undefined Weak Reference
    __cxa_finalize                            - Undefined Weak Reference
    __decompress                              - Undefined Weak Reference
    _clock_init                               - Undefined Weak Reference
    _microlib_exit                            - Undefined Weak Reference
    __Vectors_Size                           0x000000ec   Number         0  startup_stm32f103xb.o ABSOLUTE
    __Vectors                                0x08000000   Data           4  startup_stm32f103xb.o(RESET)
    __Vectors_End                            0x080000ec   Data           0  startup_stm32f103xb.o(RESET)
    __main                                   0x080000ed   Thumb Code     0  entry.o(.ARM.Collect$$$$00000000)
    _main_stk                                0x080000ed   Thumb Code     0  entry2.o(.ARM.Collect$$$$00000001)
    _main_scatterload                        0x080000f1   Thumb Code     0  entry5.o(.ARM.Collect$$$$00000004)
    __main_after_scatterload                 0x080000f5   Thumb Code     0  entry5.o(.ARM.Collect$$$$00000004)
    _main_clock                              0x080000f5   Thumb Code     0  entry7b.o(.ARM.Collect$$$$00000008)
    _main_cpp_init                           0x080000f5   Thumb Code     0  entry8b.o(.ARM.Collect$$$$0000000A)
    _main_init                               0x080000f5   Thumb Code     0  entry9a.o(.ARM.Collect$$$$0000000B)
    __rt_final_cpp                           0x080000fd   Thumb Code     0  entry10a.o(.ARM.Collect$$$$0000000D)
    __rt_final_exit                          0x080000fd   Thumb Code     0  entry11a.o(.ARM.Collect$$$$0000000F)
    Reset_Handler                            0x08000101   Thumb Code     8  startup_stm32f103xb.o(.text)
    SVC_Handler                              0x08000113   Thumb Code     2  startup_stm32f103xb.o(.text)
    PendSV_Handler                           0x08000117   Thumb Code     2  startup_stm32f103xb.o(.text)
    ADC1_2_IRQHandler                        0x0800011b   Thumb Code     0  startup_stm32f103xb.o(.text)
    CAN1_RX1_IRQHandler                      0x0800011b   Thumb Code     0  startup_stm32f103xb.o(.text)
    CAN1_SCE_IRQHandler                      0x0800011b   Thumb Code     0  startup_stm32f103xb.o(.text)
    DMA1_Channel1_IRQHandler                 0x0800011b   Thumb Code     0  startup_stm32f103xb.o(.text)
    DMA1_Channel2_IRQHandler                 0x0800011b   Thumb Code     0  startup_stm32f103xb.o(.text)
    DMA1_Channel3_IRQHandler                 0x0800011b   Thumb Code     0  startup_stm32f103xb.o(.text)
    DMA1_Channel4_IRQHandler                 0x0800011b   Thumb Code     0  startup_stm32f103xb.o(.text)
    DMA1_Channel6_IRQHandler                 0x0800011b   Thumb Code     0  startup_stm32f103xb.o(.text)
    DMA1_Channel7_IRQHandler                 0x0800011b   Thumb Code     0  startup_stm32f103xb.o(.text)
    EXTI0_IRQHandler                         0x0800011b   Thumb Code     0  startup_stm32f103xb.o(.text)
    EXTI15_10_IRQHandler                     0x0800011b   Thumb Code     0  startup_stm32f103xb.o(.text)
    EXTI1_IRQHandler                         0x0800011b   Thumb Code     0  startup_stm32f103xb.o(.text)
    EXTI2_IRQHandler                         0x0800011b   Thumb Code     0  startup_stm32f103xb.o(.text)
    EXTI3_IRQHandler                         0x0800011b   Thumb Code     0  startup_stm32f103xb.o(.text)
    EXTI4_IRQHandler                         0x0800011b   Thumb Code     0  startup_stm32f103xb.o(.text)
    EXTI9_5_IRQHandler                       0x0800011b   Thumb Code     0  startup_stm32f103xb.o(.text)
    FLASH_IRQHandler                         0x0800011b   Thumb Code     0  startup_stm32f103xb.o(.text)
    I2C1_ER_IRQHandler                       0x0800011b   Thumb Code     0  startup_stm32f103xb.o(.text)
    I2C1_EV_IRQHandler                       0x0800011b   Thumb Code     0  startup_stm32f103xb.o(.text)
    I2C2_ER_IRQHandler                       0x0800011b   Thumb Code     0  startup_stm32f103xb.o(.text)
    I2C2_EV_IRQHandler                       0x0800011b   Thumb Code     0  startup_stm32f103xb.o(.text)
    PVD_IRQHandler                           0x0800011b   Thumb Code     0  startup_stm32f103xb.o(.text)
    RCC_IRQHandler                           0x0800011b   Thumb Code     0  startup_stm32f103xb.o(.text)
    RTC_Alarm_IRQHandler                     0x0800011b   Thumb Code     0  startup_stm32f103xb.o(.text)
    RTC_IRQHandler                           0x0800011b   Thumb Code     0  startup_stm32f103xb.o(.text)
    SPI1_IRQHandler                          0x0800011b   Thumb Code     0  startup_stm32f103xb.o(.text)
    SPI2_IRQHandler                          0x0800011b   Thumb Code     0  startup_stm32f103xb.o(.text)
    TAMPER_IRQHandler                        0x0800011b   Thumb Code     0  startup_stm32f103xb.o(.text)
    TIM1_BRK_IRQHandler                      0x0800011b   Thumb Code     0  startup_stm32f103xb.o(.text)
    TIM1_CC_IRQHandler                       0x0800011b   Thumb Code     0  startup_stm32f103xb.o(.text)
    TIM1_TRG_COM_IRQHandler                  0x0800011b   Thumb Code     0  startup_stm32f103xb.o(.text)
    TIM1_UP_IRQHandler                       0x0800011b   Thumb Code     0  startup_stm32f103xb.o(.text)
    TIM2_IRQHandler                          0x0800011b   Thumb Code     0  startup_stm32f103xb.o(.text)
    TIM3_IRQHandler                          0x0800011b   Thumb Code     0  startup_stm32f103xb.o(.text)
    TIM4_IRQHandler                          0x0800011b   Thumb Code     0  startup_stm32f103xb.o(.text)
    USART2_IRQHandler                        0x0800011b   Thumb Code     0  startup_stm32f103xb.o(.text)
    USART3_IRQHandler                        0x0800011b   Thumb Code     0  startup_stm32f103xb.o(.text)
    USBWakeUp_IRQHandler                     0x0800011b   Thumb Code     0  startup_stm32f103xb.o(.text)
    WWDG_IRQHandler                          0x0800011b   Thumb Code     0  startup_stm32f103xb.o(.text)
    __aeabi_llsr                             0x08000125   Thumb Code    32  llushr.o(.text)
    _ll_ushift_r                             0x08000125   Thumb Code     0  llushr.o(.text)
    __aeabi_memcpy                           0x08000145   Thumb Code    36  memcpya.o(.text)
    __aeabi_memcpy4                          0x08000145   Thumb Code     0  memcpya.o(.text)
    __aeabi_memcpy8                          0x08000145   Thumb Code     0  memcpya.o(.text)
    __aeabi_memset                           0x08000169   Thumb Code    14  memseta.o(.text)
    __aeabi_memset4                          0x08000169   Thumb Code     0  memseta.o(.text)
    __aeabi_memset8                          0x08000169   Thumb Code     0  memseta.o(.text)
    __aeabi_memclr                           0x08000177   Thumb Code     4  memseta.o(.text)
    __aeabi_memclr4                          0x08000177   Thumb Code     0  memseta.o(.text)
    __aeabi_memclr8                          0x08000177   Thumb Code     0  memseta.o(.text)
    _memset$wrapper                          0x0800017b   Thumb Code    18  memseta.o(.text)
    __aeabi_fadd                             0x0800018d   Thumb Code   164  fadd.o(.text)
    __aeabi_fsub                             0x08000231   Thumb Code     6  fadd.o(.text)
    __aeabi_frsub                            0x08000237   Thumb Code     6  fadd.o(.text)
    __aeabi_fmul                             0x0800023d   Thumb Code   100  fmul.o(.text)
    __ARM_scalbnf                            0x080002a1   Thumb Code    24  fscalb.o(.text)
    scalbnf                                  0x080002a1   Thumb Code     0  fscalb.o(.text)
    __aeabi_i2f                              0x080002b9   Thumb Code    18  fflti.o(.text)
    __aeabi_ui2f                             0x080002cb   Thumb Code    10  ffltui.o(.text)
    __aeabi_f2iz                             0x080002d5   Thumb Code    50  ffixi.o(.text)
    __aeabi_f2d                              0x08000307   Thumb Code    38  f2d.o(.text)
    __aeabi_uidiv                            0x0800032d   Thumb Code     0  uidiv.o(.text)
    __aeabi_uidivmod                         0x0800032d   Thumb Code    44  uidiv.o(.text)
    __aeabi_uldivmod                         0x08000359   Thumb Code    98  uldiv.o(.text)
    __I$use$fp                               0x080003bb   Thumb Code     0  iusefp.o(.text)
    _float_round                             0x080003bb   Thumb Code    18  fepilogue.o(.text)
    _float_epilogue                          0x080003cd   Thumb Code    92  fepilogue.o(.text)
    __aeabi_dadd                             0x08000429   Thumb Code   322  dadd.o(.text)
    __aeabi_dsub                             0x0800056b   Thumb Code     6  dadd.o(.text)
    __aeabi_drsub                            0x08000571   Thumb Code     6  dadd.o(.text)
    __aeabi_dmul                             0x08000577   Thumb Code   228  dmul.o(.text)
    __aeabi_ddiv                             0x0800065b   Thumb Code   222  ddiv.o(.text)
    __aeabi_d2ulz                            0x08000739   Thumb Code    48  dfixul.o(.text)
    __aeabi_cdrcmple                         0x08000769   Thumb Code    48  cdrcmple.o(.text)
    __scatterload                            0x08000799   Thumb Code    28  init.o(.text)
    __scatterload_rt2                        0x08000799   Thumb Code     0  init.o(.text)
    __aeabi_llsl                             0x080007bd   Thumb Code    30  llshl.o(.text)
    _ll_shift_l                              0x080007bd   Thumb Code     0  llshl.o(.text)
    __aeabi_lasr                             0x080007db   Thumb Code    36  llsshr.o(.text)
    _ll_sshift_r                             0x080007db   Thumb Code     0  llsshr.o(.text)
    _double_round                            0x080007ff   Thumb Code    30  depilogue.o(.text)
    _double_epilogue                         0x0800081d   Thumb Code   156  depilogue.o(.text)
    Angle_Read                               0x080008b9   Thumb Code    68  control.o(i.Angle_Read)
    BusFault_Handler                         0x08000909   Thumb Code     2  stm32f1xx_it.o(i.BusFault_Handler)
    CAN1_Filter_Bank                         0x0800090d   Thumb Code   142  emm_v5.o(i.CAN1_Filter_Bank)
    CAN1_RX0_Data                            0x080009a1   Thumb Code    44  control.o(i.CAN1_RX0_Data)
    CAN1_RX0_IRQ                             0x080009d5   Thumb Code    66  control.o(i.CAN1_RX0_IRQ)
    DMA1_Channel5_IRQHandler                 0x08000a25   Thumb Code     2  stm32f1xx_it.o(i.DMA1_Channel5_IRQHandler)
    DWT_Init                                 0x08000a51   Thumb Code    26  delay.o(i.DWT_Init)
    DebugMon_Handler                         0x08000a75   Thumb Code     2  stm32f1xx_it.o(i.DebugMon_Handler)
    Emm_V5_Pos_Control                       0x08000a77   Thumb Code    96  emm_v5.o(i.Emm_V5_Pos_Control)
    Emm_V5_Read_Sys_Params                   0x08000ad7   Thumb Code   138  emm_v5.o(i.Emm_V5_Read_Sys_Params)
    Error_Handler                            0x08000b61   Thumb Code     4  main.o(i.Error_Handler)
    Gimbal_Control_Wait                      0x08000b65   Thumb Code    20  control.o(i.Gimbal_Control_Wait)
    Gimbal_Down_Angle_PID                    0x08000b7d   Thumb Code   148  pid.o(i.Gimbal_Down_Angle_PID)
    Gimbal_Up_Angle_PID                      0x08000c29   Thumb Code   114  pid.o(i.Gimbal_Up_Angle_PID)
    Gimbal_while                             0x08000cb5   Thumb Code    34  control.o(i.Gimbal_while)
    HAL_CAN_ActivateNotification             0x08000ce1   Thumb Code    36  stm32f1xx_hal_can.o(i.HAL_CAN_ActivateNotification)
    HAL_CAN_AddTxMessage                     0x08000d05   Thumb Code   188  stm32f1xx_hal_can.o(i.HAL_CAN_AddTxMessage)
    HAL_CAN_ConfigFilter                     0x08000dc1   Thumb Code   238  stm32f1xx_hal_can.o(i.HAL_CAN_ConfigFilter)
    HAL_CAN_ErrorCallback                    0x08000eaf   Thumb Code     2  stm32f1xx_hal_can.o(i.HAL_CAN_ErrorCallback)
    HAL_CAN_GetRxFifoFillLevel               0x08000eb1   Thumb Code    34  stm32f1xx_hal_can.o(i.HAL_CAN_GetRxFifoFillLevel)
    HAL_CAN_GetRxMessage                     0x08000ed3   Thumb Code   244  stm32f1xx_hal_can.o(i.HAL_CAN_GetRxMessage)
    HAL_CAN_GetTxMailboxesFreeLevel          0x08000fc7   Thumb Code    44  stm32f1xx_hal_can.o(i.HAL_CAN_GetTxMailboxesFreeLevel)
    HAL_CAN_IRQHandler                       0x08000ff3   Thumb Code   508  stm32f1xx_hal_can.o(i.HAL_CAN_IRQHandler)
    HAL_CAN_Init                             0x080011ef   Thumb Code   282  stm32f1xx_hal_can.o(i.HAL_CAN_Init)
    HAL_CAN_MspInit                          0x08001309   Thumb Code   150  can.o(i.HAL_CAN_MspInit)
    HAL_CAN_RxFifo0FullCallback              0x080013b1   Thumb Code     2  stm32f1xx_hal_can.o(i.HAL_CAN_RxFifo0FullCallback)
    HAL_CAN_RxFifo0MsgPendingCallback        0x080013b3   Thumb Code     2  stm32f1xx_hal_can.o(i.HAL_CAN_RxFifo0MsgPendingCallback)
    HAL_CAN_RxFifo1FullCallback              0x080013b5   Thumb Code     2  stm32f1xx_hal_can.o(i.HAL_CAN_RxFifo1FullCallback)
    HAL_CAN_RxFifo1MsgPendingCallback        0x080013b7   Thumb Code     2  stm32f1xx_hal_can.o(i.HAL_CAN_RxFifo1MsgPendingCallback)
    HAL_CAN_SleepCallback                    0x080013b9   Thumb Code     2  stm32f1xx_hal_can.o(i.HAL_CAN_SleepCallback)
    HAL_CAN_Start                            0x080013bd   Thumb Code    88  stm32f1xx_hal_can.o(i.HAL_CAN_Start)
    HAL_CAN_TxMailbox0AbortCallback          0x08001415   Thumb Code     2  stm32f1xx_hal_can.o(i.HAL_CAN_TxMailbox0AbortCallback)
    HAL_CAN_TxMailbox0CompleteCallback       0x08001419   Thumb Code   102  emm_v5.o(i.HAL_CAN_TxMailbox0CompleteCallback)
    HAL_CAN_TxMailbox1AbortCallback          0x08001489   Thumb Code     2  stm32f1xx_hal_can.o(i.HAL_CAN_TxMailbox1AbortCallback)
    HAL_CAN_TxMailbox1CompleteCallback       0x0800148b   Thumb Code     2  stm32f1xx_hal_can.o(i.HAL_CAN_TxMailbox1CompleteCallback)
    HAL_CAN_TxMailbox2AbortCallback          0x0800148d   Thumb Code     2  stm32f1xx_hal_can.o(i.HAL_CAN_TxMailbox2AbortCallback)
    HAL_CAN_TxMailbox2CompleteCallback       0x0800148f   Thumb Code     2  stm32f1xx_hal_can.o(i.HAL_CAN_TxMailbox2CompleteCallback)
    HAL_CAN_WakeUpFromRxMsgCallback          0x08001491   Thumb Code     2  stm32f1xx_hal_can.o(i.HAL_CAN_WakeUpFromRxMsgCallback)
    HAL_DMA_Abort                            0x08001493   Thumb Code    70  stm32f1xx_hal_dma.o(i.HAL_DMA_Abort)
    HAL_DMA_Abort_IT                         0x080014d9   Thumb Code   148  stm32f1xx_hal_dma.o(i.HAL_DMA_Abort_IT)
    HAL_DMA_Init                             0x08001571   Thumb Code    84  stm32f1xx_hal_dma.o(i.HAL_DMA_Init)
    HAL_DMA_Start_IT                         0x080015cd   Thumb Code   112  stm32f1xx_hal_dma.o(i.HAL_DMA_Start_IT)
    HAL_GPIO_Init                            0x0800163d   Thumb Code   446  stm32f1xx_hal_gpio.o(i.HAL_GPIO_Init)
    HAL_GPIO_WritePin                        0x0800181d   Thumb Code    10  stm32f1xx_hal_gpio.o(i.HAL_GPIO_WritePin)
    HAL_GetTick                              0x08001829   Thumb Code     6  stm32f1xx_hal.o(i.HAL_GetTick)
    HAL_IncTick                              0x08001835   Thumb Code    12  stm32f1xx_hal.o(i.HAL_IncTick)
    HAL_Init                                 0x08001845   Thumb Code    32  stm32f1xx_hal.o(i.HAL_Init)
    HAL_InitTick                             0x08001869   Thumb Code    54  stm32f1xx_hal.o(i.HAL_InitTick)
    HAL_MspInit                              0x080018a9   Thumb Code    52  stm32f1xx_hal_msp.o(i.HAL_MspInit)
    HAL_NVIC_EnableIRQ                       0x080018e5   Thumb Code    26  stm32f1xx_hal_cortex.o(i.HAL_NVIC_EnableIRQ)
    HAL_NVIC_SetPriority                     0x08001901   Thumb Code    60  stm32f1xx_hal_cortex.o(i.HAL_NVIC_SetPriority)
    HAL_NVIC_SetPriorityGrouping             0x08001941   Thumb Code    26  stm32f1xx_hal_cortex.o(i.HAL_NVIC_SetPriorityGrouping)
    HAL_RCC_ClockConfig                      0x08001965   Thumb Code   280  stm32f1xx_hal_rcc.o(i.HAL_RCC_ClockConfig)
    HAL_RCC_GetPCLK1Freq                     0x08001a91   Thumb Code    20  stm32f1xx_hal_rcc.o(i.HAL_RCC_GetPCLK1Freq)
    HAL_RCC_GetPCLK2Freq                     0x08001ab1   Thumb Code    20  stm32f1xx_hal_rcc.o(i.HAL_RCC_GetPCLK2Freq)
    HAL_RCC_GetSysClockFreq                  0x08001ad1   Thumb Code    58  stm32f1xx_hal_rcc.o(i.HAL_RCC_GetSysClockFreq)
    HAL_RCC_OscConfig                        0x08001b1d   Thumb Code   778  stm32f1xx_hal_rcc.o(i.HAL_RCC_OscConfig)
    HAL_SYSTICK_Config                       0x08001e3d   Thumb Code    40  stm32f1xx_hal_cortex.o(i.HAL_SYSTICK_Config)
    HAL_UARTEx_RxEventCallback               0x08001e65   Thumb Code     2  stm32f1xx_hal_uart.o(i.HAL_UARTEx_RxEventCallback)
    HAL_UART_DMAStop                         0x08001e67   Thumb Code   112  stm32f1xx_hal_uart.o(i.HAL_UART_DMAStop)
    HAL_UART_ErrorCallback                   0x08001ed7   Thumb Code     2  stm32f1xx_hal_uart.o(i.HAL_UART_ErrorCallback)
    HAL_UART_IRQHandler                      0x08001ed9   Thumb Code   616  stm32f1xx_hal_uart.o(i.HAL_UART_IRQHandler)
    HAL_UART_Init                            0x08002145   Thumb Code   100  stm32f1xx_hal_uart.o(i.HAL_UART_Init)
    HAL_UART_MspInit                         0x080021a9   Thumb Code   154  usart.o(i.HAL_UART_MspInit)
    HAL_UART_Receive_DMA                     0x08002259   Thumb Code    28  stm32f1xx_hal_uart.o(i.HAL_UART_Receive_DMA)
    HAL_UART_RxCpltCallback                  0x08002275   Thumb Code     2  stm32f1xx_hal_uart.o(i.HAL_UART_RxCpltCallback)
    HAL_UART_RxHalfCpltCallback              0x08002277   Thumb Code     2  stm32f1xx_hal_uart.o(i.HAL_UART_RxHalfCpltCallback)
    HAL_UART_Transmit                        0x08002279   Thumb Code   160  stm32f1xx_hal_uart.o(i.HAL_UART_Transmit)
    HAL_UART_TxCpltCallback                  0x08002319   Thumb Code     2  stm32f1xx_hal_uart.o(i.HAL_UART_TxCpltCallback)
    HardFault_Handler                        0x0800231b   Thumb Code     2  stm32f1xx_it.o(i.HardFault_Handler)
    K230_Control                             0x0800231d   Thumb Code   318  control.o(i.K230_Control)
    K230_Header_Tail_Check                   0x0800246d   Thumb Code    58  control.o(i.K230_Header_Tail_Check)
    MX_CAN_Init                              0x080024ad   Thumb Code    58  can.o(i.MX_CAN_Init)
    MX_DMA_Init                              0x080024f1   Thumb Code    40  dma.o(i.MX_DMA_Init)
    MX_GPIO_Init                             0x0800251d   Thumb Code   156  gpio.o(i.MX_GPIO_Init)
    MX_USART1_UART_Init                      0x080025c5   Thumb Code    48  usart.o(i.MX_USART1_UART_Init)
    MemManage_Handler                        0x080025fd   Thumb Code     2  stm32f1xx_it.o(i.MemManage_Handler)
    NMI_Handler                              0x080025ff   Thumb Code     2  stm32f1xx_it.o(i.NMI_Handler)
    PID_Set_Gimbal_Target                    0x08002601   Thumb Code     8  pid.o(i.PID_Set_Gimbal_Target)
    SysTick_Handler                          0x0800260d   Thumb Code     4  stm32f1xx_it.o(i.SysTick_Handler)
    SystemClock_Config                       0x08002611   Thumb Code    94  main.o(i.SystemClock_Config)
    SystemInit                               0x0800266f   Thumb Code     2  system_stm32f1xx.o(i.SystemInit)
    Target_Search_360                        0x08002671   Thumb Code   168  control.o(i.Target_Search_360)
    UART_Start_Receive_DMA                   0x08002a31   Thumb Code   130  stm32f1xx_hal_uart.o(i.UART_Start_Receive_DMA)
    USART1_IRQ                               0x08002b35   Thumb Code    98  control.o(i.USART1_IRQ)
    USART1_IRQHandler                        0x08002ba5   Thumb Code    16  stm32f1xx_it.o(i.USART1_IRQHandler)
    USB_HP_CAN1_TX_IRQHandler                0x08002bb9   Thumb Code     6  stm32f1xx_it.o(i.USB_HP_CAN1_TX_IRQHandler)
    USB_LP_CAN1_RX0_IRQHandler               0x08002bc5   Thumb Code    16  stm32f1xx_it.o(i.USB_LP_CAN1_RX0_IRQHandler)
    UsageFault_Handler                       0x08002bd9   Thumb Code     2  stm32f1xx_it.o(i.UsageFault_Handler)
    __0printf                                0x08002bdd   Thumb Code    22  printfa.o(i.__0printf)
    __1printf                                0x08002bdd   Thumb Code     0  printfa.o(i.__0printf)
    __2printf                                0x08002bdd   Thumb Code     0  printfa.o(i.__0printf)
    __c89printf                              0x08002bdd   Thumb Code     0  printfa.o(i.__0printf)
    printf                                   0x08002bdd   Thumb Code     0  printfa.o(i.__0printf)
    __scatterload_copy                       0x08002c1d   Thumb Code    14  handlers.o(i.__scatterload_copy)
    __scatterload_null                       0x08002c2b   Thumb Code     2  handlers.o(i.__scatterload_null)
    __scatterload_zeroinit                   0x08002c2d   Thumb Code    14  handlers.o(i.__scatterload_zeroinit)
    can_EnqueueCmd                           0x080034f1   Thumb Code    92  emm_v5.o(i.can_EnqueueCmd)
    can_SendCmd                              0x08003555   Thumb Code    20  emm_v5.o(i.can_SendCmd)
    can_SendNextCmd                          0x08003569   Thumb Code   202  emm_v5.o(i.can_SendNextCmd)
    delay_ms                                 0x08003641   Thumb Code    26  delay.o(i.delay_ms)
    delay_us                                 0x0800365d   Thumb Code    32  delay.o(i.delay_us)
    fputc                                    0x08003689   Thumb Code    20  usart.o(i.fputc)
    main                                     0x080036a1   Thumb Code    60  main.o(i.main)
    sys_init                                 0x080036e1   Thumb Code    38  system.o(i.sys_init)
    system_Params_Init                       0x08003711   Thumb Code    66  system.o(i.system_Params_Init)
    AHBPrescTable                            0x08003772   Data          16  system_stm32f1xx.o(.constdata)
    APBPrescTable                            0x08003782   Data           8  system_stm32f1xx.o(.constdata)
    Region$$Table$$Base                      0x0800378c   Number         0  anon$$obj.o(Region$$Table)
    Region$$Table$$Limit                     0x080037ac   Number         0  anon$$obj.o(Region$$Table)
    uwTickFreq                               0x20000000   Data           1  stm32f1xx_hal.o(.data)
    uwTickPrio                               0x20000004   Data           4  stm32f1xx_hal.o(.data)
    uwTick                                   0x20000008   Data           4  stm32f1xx_hal.o(.data)
    SystemCoreClock                          0x2000000c   Data           4  system_stm32f1xx.o(.data)
    receive_num                              0x20000010   Data           1  control.o(.data)
    led_detect_FPS                           0x20000012   Data           1  control.o(.data)
    usart_f_count                            0x20000016   Data           2  control.o(.data)
    filtered_x                               0x20000018   Data           2  control.o(.data)
    filtered_y                               0x2000001a   Data           2  control.o(.data)
    angle_Real_INT                           0x20000024   Data           4  control.o(.data)
    angle_Real_Float                         0x20000028   Data           4  control.o(.data)
    __stdout                                 0x2000005c   Data           4  stdout.o(.data)
    hcan                                     0x20000060   Data          40  can.o(.bss)
    huart1                                   0x20000088   Data          72  usart.o(.bss)
    hdma_usart1_rx                           0x200000d0   Data          68  usart.o(.bss)
    USART1_Data                              0x20000114   Data        2054  system.o(.bss)
    can                                      0x20000ba8   Data         274  control.o(.bss)
    Gimbal_PID_Data                          0x20000cbc   Data          56  pid.o(.bss)
    __initial_sp                             0x200010f8   Data           0  startup_stm32f103xb.o(STACK)



==============================================================================

Memory Map of the image

  Image Entry point : 0x080000ed

  Load Region LR_IROM1 (Base: 0x08000000, Size: 0x0000380c, Max: 0x00010000, ABSOLUTE)

    Execution Region ER_IROM1 (Exec base: 0x08000000, Load base: 0x08000000, Size: 0x000037ac, Max: 0x00010000, ABSOLUTE)

    Exec Addr    Load Addr    Size         Type   Attr      Idx    E Section Name        Object

    0x08000000   0x08000000   0x000000ec   Data   RO            3    RESET               startup_stm32f103xb.o
    0x080000ec   0x080000ec   0x00000000   Code   RO         2638  * .ARM.Collect$$$$00000000  mc_w.l(entry.o)
    0x080000ec   0x080000ec   0x00000004   Code   RO         2928    .ARM.Collect$$$$00000001  mc_w.l(entry2.o)
    0x080000f0   0x080000f0   0x00000004   Code   RO         2931    .ARM.Collect$$$$00000004  mc_w.l(entry5.o)
    0x080000f4   0x080000f4   0x00000000   Code   RO         2933    .ARM.Collect$$$$00000008  mc_w.l(entry7b.o)
    0x080000f4   0x080000f4   0x00000000   Code   RO         2935    .ARM.Collect$$$$0000000A  mc_w.l(entry8b.o)
    0x080000f4   0x080000f4   0x00000008   Code   RO         2936    .ARM.Collect$$$$0000000B  mc_w.l(entry9a.o)
    0x080000fc   0x080000fc   0x00000000   Code   RO         2938    .ARM.Collect$$$$0000000D  mc_w.l(entry10a.o)
    0x080000fc   0x080000fc   0x00000000   Code   RO         2940    .ARM.Collect$$$$0000000F  mc_w.l(entry11a.o)
    0x080000fc   0x080000fc   0x00000004   Code   RO         2929    .ARM.Collect$$$$00002712  mc_w.l(entry2.o)
    0x08000100   0x08000100   0x00000024   Code   RO            4    .text               startup_stm32f103xb.o
    0x08000124   0x08000124   0x00000020   Code   RO         2641    .text               mc_w.l(llushr.o)
    0x08000144   0x08000144   0x00000024   Code   RO         2643    .text               mc_w.l(memcpya.o)
    0x08000168   0x08000168   0x00000024   Code   RO         2645    .text               mc_w.l(memseta.o)
    0x0800018c   0x0800018c   0x000000b0   Code   RO         2910    .text               mf_w.l(fadd.o)
    0x0800023c   0x0800023c   0x00000064   Code   RO         2912    .text               mf_w.l(fmul.o)
    0x080002a0   0x080002a0   0x00000018   Code   RO         2916    .text               mf_w.l(fscalb.o)
    0x080002b8   0x080002b8   0x00000012   Code   RO         2918    .text               mf_w.l(fflti.o)
    0x080002ca   0x080002ca   0x0000000a   Code   RO         2920    .text               mf_w.l(ffltui.o)
    0x080002d4   0x080002d4   0x00000032   Code   RO         2922    .text               mf_w.l(ffixi.o)
    0x08000306   0x08000306   0x00000026   Code   RO         2926    .text               mf_w.l(f2d.o)
    0x0800032c   0x0800032c   0x0000002c   Code   RO         2943    .text               mc_w.l(uidiv.o)
    0x08000358   0x08000358   0x00000062   Code   RO         2945    .text               mc_w.l(uldiv.o)
    0x080003ba   0x080003ba   0x00000000   Code   RO         2947    .text               mc_w.l(iusefp.o)
    0x080003ba   0x080003ba   0x0000006e   Code   RO         2948    .text               mf_w.l(fepilogue.o)
    0x08000428   0x08000428   0x0000014e   Code   RO         2950    .text               mf_w.l(dadd.o)
    0x08000576   0x08000576   0x000000e4   Code   RO         2952    .text               mf_w.l(dmul.o)
    0x0800065a   0x0800065a   0x000000de   Code   RO         2954    .text               mf_w.l(ddiv.o)
    0x08000738   0x08000738   0x00000030   Code   RO         2956    .text               mf_w.l(dfixul.o)
    0x08000768   0x08000768   0x00000030   Code   RO         2958    .text               mf_w.l(cdrcmple.o)
    0x08000798   0x08000798   0x00000024   Code   RO         2960    .text               mc_w.l(init.o)
    0x080007bc   0x080007bc   0x0000001e   Code   RO         2962    .text               mc_w.l(llshl.o)
    0x080007da   0x080007da   0x00000024   Code   RO         2964    .text               mc_w.l(llsshr.o)
    0x080007fe   0x080007fe   0x000000ba   Code   RO         2966    .text               mf_w.l(depilogue.o)
    0x080008b8   0x080008b8   0x00000050   Code   RO         2497    i.Angle_Read        control.o
    0x08000908   0x08000908   0x00000002   Code   RO          325    i.BusFault_Handler  stm32f1xx_it.o
    0x0800090a   0x0800090a   0x00000002   PAD
    0x0800090c   0x0800090c   0x00000094   Code   RO         2355    i.CAN1_Filter_Bank  emm_v5.o
    0x080009a0   0x080009a0   0x00000034   Code   RO         2498    i.CAN1_RX0_Data     control.o
    0x080009d4   0x080009d4   0x00000050   Code   RO         2499    i.CAN1_RX0_IRQ      control.o
    0x08000a24   0x08000a24   0x00000002   Code   RO          326    i.DMA1_Channel5_IRQHandler  stm32f1xx_it.o
    0x08000a26   0x08000a26   0x0000002a   Code   RO         1086    i.DMA_SetConfig     stm32f1xx_hal_dma.o
    0x08000a50   0x08000a50   0x00000024   Code   RO         2084    i.DWT_Init          delay.o
    0x08000a74   0x08000a74   0x00000002   Code   RO          327    i.DebugMon_Handler  stm32f1xx_it.o
    0x08000a76   0x08000a76   0x00000060   Code   RO         2363    i.Emm_V5_Pos_Control  emm_v5.o
    0x08000ad6   0x08000ad6   0x0000008a   Code   RO         2364    i.Emm_V5_Read_Sys_Params  emm_v5.o
    0x08000b60   0x08000b60   0x00000004   Code   RO           13    i.Error_Handler     main.o
    0x08000b64   0x08000b64   0x00000018   Code   RO         2500    i.Gimbal_Control_Wait  control.o
    0x08000b7c   0x08000b7c   0x000000ac   Code   RO         2598    i.Gimbal_Down_Angle_PID  pid.o
    0x08000c28   0x08000c28   0x0000008c   Code   RO         2599    i.Gimbal_Up_Angle_PID  pid.o
    0x08000cb4   0x08000cb4   0x0000002c   Code   RO         2501    i.Gimbal_while      control.o
    0x08000ce0   0x08000ce0   0x00000024   Code   RO          473    i.HAL_CAN_ActivateNotification  stm32f1xx_hal_can.o
    0x08000d04   0x08000d04   0x000000bc   Code   RO          474    i.HAL_CAN_AddTxMessage  stm32f1xx_hal_can.o
    0x08000dc0   0x08000dc0   0x000000ee   Code   RO          475    i.HAL_CAN_ConfigFilter  stm32f1xx_hal_can.o
    0x08000eae   0x08000eae   0x00000002   Code   RO          478    i.HAL_CAN_ErrorCallback  stm32f1xx_hal_can.o
    0x08000eb0   0x08000eb0   0x00000022   Code   RO          480    i.HAL_CAN_GetRxFifoFillLevel  stm32f1xx_hal_can.o
    0x08000ed2   0x08000ed2   0x000000f4   Code   RO          481    i.HAL_CAN_GetRxMessage  stm32f1xx_hal_can.o
    0x08000fc6   0x08000fc6   0x0000002c   Code   RO          483    i.HAL_CAN_GetTxMailboxesFreeLevel  stm32f1xx_hal_can.o
    0x08000ff2   0x08000ff2   0x000001fc   Code   RO          485    i.HAL_CAN_IRQHandler  stm32f1xx_hal_can.o
    0x080011ee   0x080011ee   0x0000011a   Code   RO          486    i.HAL_CAN_Init      stm32f1xx_hal_can.o
    0x08001308   0x08001308   0x000000a8   Code   RO          212    i.HAL_CAN_MspInit   can.o
    0x080013b0   0x080013b0   0x00000002   Code   RO          493    i.HAL_CAN_RxFifo0FullCallback  stm32f1xx_hal_can.o
    0x080013b2   0x080013b2   0x00000002   Code   RO          494    i.HAL_CAN_RxFifo0MsgPendingCallback  stm32f1xx_hal_can.o
    0x080013b4   0x080013b4   0x00000002   Code   RO          495    i.HAL_CAN_RxFifo1FullCallback  stm32f1xx_hal_can.o
    0x080013b6   0x080013b6   0x00000002   Code   RO          496    i.HAL_CAN_RxFifo1MsgPendingCallback  stm32f1xx_hal_can.o
    0x080013b8   0x080013b8   0x00000002   Code   RO          497    i.HAL_CAN_SleepCallback  stm32f1xx_hal_can.o
    0x080013ba   0x080013ba   0x00000002   PAD
    0x080013bc   0x080013bc   0x00000058   Code   RO          498    i.HAL_CAN_Start     stm32f1xx_hal_can.o
    0x08001414   0x08001414   0x00000002   Code   RO          500    i.HAL_CAN_TxMailbox0AbortCallback  stm32f1xx_hal_can.o
    0x08001416   0x08001416   0x00000002   PAD
    0x08001418   0x08001418   0x00000070   Code   RO         2370    i.HAL_CAN_TxMailbox0CompleteCallback  emm_v5.o
    0x08001488   0x08001488   0x00000002   Code   RO          502    i.HAL_CAN_TxMailbox1AbortCallback  stm32f1xx_hal_can.o
    0x0800148a   0x0800148a   0x00000002   Code   RO          503    i.HAL_CAN_TxMailbox1CompleteCallback  stm32f1xx_hal_can.o
    0x0800148c   0x0800148c   0x00000002   Code   RO          504    i.HAL_CAN_TxMailbox2AbortCallback  stm32f1xx_hal_can.o
    0x0800148e   0x0800148e   0x00000002   Code   RO          505    i.HAL_CAN_TxMailbox2CompleteCallback  stm32f1xx_hal_can.o
    0x08001490   0x08001490   0x00000002   Code   RO          507    i.HAL_CAN_WakeUpFromRxMsgCallback  stm32f1xx_hal_can.o
    0x08001492   0x08001492   0x00000046   Code   RO         1087    i.HAL_DMA_Abort     stm32f1xx_hal_dma.o
    0x080014d8   0x080014d8   0x00000098   Code   RO         1088    i.HAL_DMA_Abort_IT  stm32f1xx_hal_dma.o
    0x08001570   0x08001570   0x0000005c   Code   RO         1093    i.HAL_DMA_Init      stm32f1xx_hal_dma.o
    0x080015cc   0x080015cc   0x00000070   Code   RO         1097    i.HAL_DMA_Start_IT  stm32f1xx_hal_dma.o
    0x0800163c   0x0800163c   0x000001e0   Code   RO         1023    i.HAL_GPIO_Init     stm32f1xx_hal_gpio.o
    0x0800181c   0x0800181c   0x0000000a   Code   RO         1027    i.HAL_GPIO_WritePin  stm32f1xx_hal_gpio.o
    0x08001826   0x08001826   0x00000002   PAD
    0x08001828   0x08001828   0x0000000c   Code   RO          717    i.HAL_GetTick       stm32f1xx_hal.o
    0x08001834   0x08001834   0x00000010   Code   RO          723    i.HAL_IncTick       stm32f1xx_hal.o
    0x08001844   0x08001844   0x00000024   Code   RO          724    i.HAL_Init          stm32f1xx_hal.o
    0x08001868   0x08001868   0x00000040   Code   RO          725    i.HAL_InitTick      stm32f1xx_hal.o
    0x080018a8   0x080018a8   0x0000003c   Code   RO          412    i.HAL_MspInit       stm32f1xx_hal_msp.o
    0x080018e4   0x080018e4   0x0000001a   Code   RO         1183    i.HAL_NVIC_EnableIRQ  stm32f1xx_hal_cortex.o
    0x080018fe   0x080018fe   0x00000002   PAD
    0x08001900   0x08001900   0x00000040   Code   RO         1189    i.HAL_NVIC_SetPriority  stm32f1xx_hal_cortex.o
    0x08001940   0x08001940   0x00000024   Code   RO         1190    i.HAL_NVIC_SetPriorityGrouping  stm32f1xx_hal_cortex.o
    0x08001964   0x08001964   0x0000012c   Code   RO          881    i.HAL_RCC_ClockConfig  stm32f1xx_hal_rcc.o
    0x08001a90   0x08001a90   0x00000020   Code   RO          888    i.HAL_RCC_GetPCLK1Freq  stm32f1xx_hal_rcc.o
    0x08001ab0   0x08001ab0   0x00000020   Code   RO          889    i.HAL_RCC_GetPCLK2Freq  stm32f1xx_hal_rcc.o
    0x08001ad0   0x08001ad0   0x0000004c   Code   RO          890    i.HAL_RCC_GetSysClockFreq  stm32f1xx_hal_rcc.o
    0x08001b1c   0x08001b1c   0x00000320   Code   RO          893    i.HAL_RCC_OscConfig  stm32f1xx_hal_rcc.o
    0x08001e3c   0x08001e3c   0x00000028   Code   RO         1194    i.HAL_SYSTICK_Config  stm32f1xx_hal_cortex.o
    0x08001e64   0x08001e64   0x00000002   Code   RO         1695    i.HAL_UARTEx_RxEventCallback  stm32f1xx_hal_uart.o
    0x08001e66   0x08001e66   0x00000070   Code   RO         1707    i.HAL_UART_DMAStop  stm32f1xx_hal_uart.o
    0x08001ed6   0x08001ed6   0x00000002   Code   RO         1709    i.HAL_UART_ErrorCallback  stm32f1xx_hal_uart.o
    0x08001ed8   0x08001ed8   0x0000026c   Code   RO         1712    i.HAL_UART_IRQHandler  stm32f1xx_hal_uart.o
    0x08002144   0x08002144   0x00000064   Code   RO         1713    i.HAL_UART_Init     stm32f1xx_hal_uart.o
    0x080021a8   0x080021a8   0x000000b0   Code   RO          278    i.HAL_UART_MspInit  usart.o
    0x08002258   0x08002258   0x0000001c   Code   RO         1717    i.HAL_UART_Receive_DMA  stm32f1xx_hal_uart.o
    0x08002274   0x08002274   0x00000002   Code   RO         1719    i.HAL_UART_RxCpltCallback  stm32f1xx_hal_uart.o
    0x08002276   0x08002276   0x00000002   Code   RO         1720    i.HAL_UART_RxHalfCpltCallback  stm32f1xx_hal_uart.o
    0x08002278   0x08002278   0x000000a0   Code   RO         1721    i.HAL_UART_Transmit  stm32f1xx_hal_uart.o
    0x08002318   0x08002318   0x00000002   Code   RO         1724    i.HAL_UART_TxCpltCallback  stm32f1xx_hal_uart.o
    0x0800231a   0x0800231a   0x00000002   Code   RO          328    i.HardFault_Handler  stm32f1xx_it.o
    0x0800231c   0x0800231c   0x00000150   Code   RO         2502    i.K230_Control      control.o
    0x0800246c   0x0800246c   0x00000040   Code   RO         2503    i.K230_Header_Tail_Check  control.o
    0x080024ac   0x080024ac   0x00000044   Code   RO          213    i.MX_CAN_Init       can.o
    0x080024f0   0x080024f0   0x0000002c   Code   RO          253    i.MX_DMA_Init       dma.o
    0x0800251c   0x0800251c   0x000000a8   Code   RO          187    i.MX_GPIO_Init      gpio.o
    0x080025c4   0x080025c4   0x00000038   Code   RO          279    i.MX_USART1_UART_Init  usart.o
    0x080025fc   0x080025fc   0x00000002   Code   RO          329    i.MemManage_Handler  stm32f1xx_it.o
    0x080025fe   0x080025fe   0x00000002   Code   RO          330    i.NMI_Handler       stm32f1xx_it.o
    0x08002600   0x08002600   0x0000000c   Code   RO         2600    i.PID_Set_Gimbal_Target  pid.o
    0x0800260c   0x0800260c   0x00000004   Code   RO          331    i.SysTick_Handler   stm32f1xx_it.o
    0x08002610   0x08002610   0x0000005e   Code   RO           14    i.SystemClock_Config  main.o
    0x0800266e   0x0800266e   0x00000002   Code   RO         2047    i.SystemInit        system_stm32f1xx.o
    0x08002670   0x08002670   0x000000dc   Code   RO         2505    i.Target_Search_360  control.o
    0x0800274c   0x0800274c   0x00000010   Code   RO         1726    i.UART_DMAAbortOnError  stm32f1xx_hal_uart.o
    0x0800275c   0x0800275c   0x0000004a   Code   RO         1727    i.UART_DMAError     stm32f1xx_hal_uart.o
    0x080027a6   0x080027a6   0x00000086   Code   RO         1728    i.UART_DMAReceiveCplt  stm32f1xx_hal_uart.o
    0x0800282c   0x0800282c   0x0000001e   Code   RO         1730    i.UART_DMARxHalfCplt  stm32f1xx_hal_uart.o
    0x0800284a   0x0800284a   0x0000004e   Code   RO         1736    i.UART_EndRxTransfer  stm32f1xx_hal_uart.o
    0x08002898   0x08002898   0x0000001c   Code   RO         1737    i.UART_EndTxTransfer  stm32f1xx_hal_uart.o
    0x080028b4   0x080028b4   0x000000c2   Code   RO         1738    i.UART_Receive_IT   stm32f1xx_hal_uart.o
    0x08002976   0x08002976   0x00000002   PAD
    0x08002978   0x08002978   0x000000b8   Code   RO         1739    i.UART_SetConfig    stm32f1xx_hal_uart.o
    0x08002a30   0x08002a30   0x00000090   Code   RO         1740    i.UART_Start_Receive_DMA  stm32f1xx_hal_uart.o
    0x08002ac0   0x08002ac0   0x00000072   Code   RO         1742    i.UART_WaitOnFlagUntilTimeout  stm32f1xx_hal_uart.o
    0x08002b32   0x08002b32   0x00000002   PAD
    0x08002b34   0x08002b34   0x00000070   Code   RO         2506    i.USART1_IRQ        control.o
    0x08002ba4   0x08002ba4   0x00000014   Code   RO          332    i.USART1_IRQHandler  stm32f1xx_it.o
    0x08002bb8   0x08002bb8   0x0000000c   Code   RO          333    i.USB_HP_CAN1_TX_IRQHandler  stm32f1xx_it.o
    0x08002bc4   0x08002bc4   0x00000014   Code   RO          334    i.USB_LP_CAN1_RX0_IRQHandler  stm32f1xx_it.o
    0x08002bd8   0x08002bd8   0x00000002   Code   RO          335    i.UsageFault_Handler  stm32f1xx_it.o
    0x08002bda   0x08002bda   0x00000002   PAD
    0x08002bdc   0x08002bdc   0x00000020   Code   RO         2882    i.__0printf         mc_w.l(printfa.o)
    0x08002bfc   0x08002bfc   0x00000020   Code   RO         1196    i.__NVIC_SetPriority  stm32f1xx_hal_cortex.o
    0x08002c1c   0x08002c1c   0x0000000e   Code   RO         2970    i.__scatterload_copy  mc_w.l(handlers.o)
    0x08002c2a   0x08002c2a   0x00000002   Code   RO         2971    i.__scatterload_null  mc_w.l(handlers.o)
    0x08002c2c   0x08002c2c   0x0000000e   Code   RO         2972    i.__scatterload_zeroinit  mc_w.l(handlers.o)
    0x08002c3a   0x08002c3a   0x00000002   PAD
    0x08002c3c   0x08002c3c   0x00000184   Code   RO         2889    i._fp_digits        mc_w.l(printfa.o)
    0x08002dc0   0x08002dc0   0x000006dc   Code   RO         2890    i._printf_core      mc_w.l(printfa.o)
    0x0800349c   0x0800349c   0x00000024   Code   RO         2891    i._printf_post_padding  mc_w.l(printfa.o)
    0x080034c0   0x080034c0   0x0000002e   Code   RO         2892    i._printf_pre_padding  mc_w.l(printfa.o)
    0x080034ee   0x080034ee   0x00000002   PAD
    0x080034f0   0x080034f0   0x00000064   Code   RO         2371    i.can_EnqueueCmd    emm_v5.o
    0x08003554   0x08003554   0x00000014   Code   RO         2372    i.can_SendCmd       emm_v5.o
    0x08003568   0x08003568   0x000000d8   Code   RO         2373    i.can_SendNextCmd   emm_v5.o
    0x08003640   0x08003640   0x0000001a   Code   RO         2087    i.delay_ms          delay.o
    0x0800365a   0x0800365a   0x00000002   PAD
    0x0800365c   0x0800365c   0x0000002c   Code   RO         2088    i.delay_us          delay.o
    0x08003688   0x08003688   0x00000018   Code   RO          280    i.fputc             usart.o
    0x080036a0   0x080036a0   0x00000040   Code   RO           15    i.main              main.o
    0x080036e0   0x080036e0   0x00000030   Code   RO         2285    i.sys_init          system.o
    0x08003710   0x08003710   0x00000050   Code   RO         2286    i.system_Params_Init  system.o
    0x08003760   0x08003760   0x00000012   Data   RO          894    .constdata          stm32f1xx_hal_rcc.o
    0x08003772   0x08003772   0x00000010   Data   RO         2048    .constdata          system_stm32f1xx.o
    0x08003782   0x08003782   0x00000008   Data   RO         2049    .constdata          system_stm32f1xx.o
    0x0800378a   0x0800378a   0x00000002   PAD
    0x0800378c   0x0800378c   0x00000020   Data   RO         2968    Region$$Table       anon$$obj.o


    Execution Region RW_IRAM1 (Exec base: 0x20000000, Load base: 0x080037ac, Size: 0x000010f8, Max: 0x00005000, ABSOLUTE)

    Exec Addr    Load Addr    Size         Type   Attr      Idx    E Section Name        Object

    0x20000000   0x080037ac   0x0000000c   Data   RW          731    .data               stm32f1xx_hal.o
    0x2000000c   0x080037b8   0x00000004   Data   RW         2050    .data               system_stm32f1xx.o
    0x20000010   0x080037bc   0x0000002c   Data   RW         2512    .data               control.o
    0x2000003c   0x080037e8   0x00000020   Data   RW         2602    .data               pid.o
    0x2000005c   0x08003808   0x00000004   Data   RW         2942    .data               mc_w.l(stdout.o)
    0x20000060        -       0x00000028   Zero   RW          214    .bss                can.o
    0x20000088        -       0x0000008c   Zero   RW          281    .bss                usart.o
    0x20000114        -       0x00000806   Zero   RW         2287    .bss                system.o
    0x2000091a   0x0800380c   0x00000002   PAD
    0x2000091c        -       0x0000028c   Zero   RW         2374    .bss                emm_v5.o
    0x20000ba8        -       0x00000112   Zero   RW         2509    .bss                control.o
    0x20000cba   0x0800380c   0x00000002   PAD
    0x20000cbc        -       0x00000038   Zero   RW         2601    .bss                pid.o
    0x20000cf4   0x0800380c   0x00000004   PAD
    0x20000cf8        -       0x00000400   Zero   RW            1    STACK               startup_stm32f103xb.o


==============================================================================

Image component sizes


      Code (inc. data)   RO Data    RW Data    ZI Data      Debug   Object Name

       236         28          0          0         40       1583   can.o
      1012        138          0         44        274       7351   control.o
       106         22          0          0          0       1957   delay.o
        44          4          0          0          0        706   dma.o
       830         56          0          0        652       6771   emm_v5.o
       168         12          0          0          0        915   gpio.o
       162          4          0          0          0     406592   main.o
         0          0          0          0          0       1468   oled.o
       324         54          0         32         56       2968   pid.o
        36          8        236          0       1024        776   startup_stm32f103xb.o
       128         24          0         12          0       5117   stm32f1xx_hal.o
      1686          0          0          0          0      14601   stm32f1xx_hal_can.o
       198         14          0          0          0      28779   stm32f1xx_hal_cortex.o
       468         12          0          0          0       3873   stm32f1xx_hal_dma.o
       490         34          0          0          0       2808   stm32f1xx_hal_gpio.o
        60          8          0          0          0        822   stm32f1xx_hal_msp.o
      1240         84         18          0          0       4956   stm32f1xx_hal_rcc.o
      2026         24          0          0          0      14797   stm32f1xx_hal_uart.o
        70         14          0          0          0       4615   stm32f1xx_it.o
       128         24          0          0       2054       3282   system.o
         2          0         24          4          0       1035   system_stm32f1xx.o
       256         34          0          0        140       2177   usart.o

    ----------------------------------------------------------------------
      9688        598        312         92       4248     517949   Object Totals
         0          0         32          0          0          0   (incl. Generated)
        18          0          2          0          8          0   (incl. Padding)

    ----------------------------------------------------------------------

      Code (inc. data)   RO Data    RW Data    ZI Data      Debug   Library Member Name

         0          0          0          0          0          0   entry.o
         0          0          0          0          0          0   entry10a.o
         0          0          0          0          0          0   entry11a.o
         8          4          0          0          0          0   entry2.o
         4          0          0          0          0          0   entry5.o
         0          0          0          0          0          0   entry7b.o
         0          0          0          0          0          0   entry8b.o
         8          4          0          0          0          0   entry9a.o
        30          0          0          0          0          0   handlers.o
        36          8          0          0          0         68   init.o
         0          0          0          0          0          0   iusefp.o
        30          0          0          0          0         68   llshl.o
        36          0          0          0          0         68   llsshr.o
        32          0          0          0          0         68   llushr.o
        36          0          0          0          0         68   memcpya.o
        36          0          0          0          0        108   memseta.o
      2258         90          0          0          0        452   printfa.o
         0          0          0          4          0          0   stdout.o
        44          0          0          0          0         80   uidiv.o
        98          0          0          0          0         92   uldiv.o
        48          0          0          0          0         68   cdrcmple.o
       334          0          0          0          0        148   dadd.o
       222          0          0          0          0        100   ddiv.o
       186          0          0          0          0        176   depilogue.o
        48          0          0          0          0         68   dfixul.o
       228          0          0          0          0         96   dmul.o
        38          0          0          0          0         68   f2d.o
       176          0          0          0          0        140   fadd.o
       110          0          0          0          0        168   fepilogue.o
        50          0          0          0          0         68   ffixi.o
        18          0          0          0          0         68   fflti.o
        10          0          0          0          0         68   ffltui.o
       100          0          0          0          0         76   fmul.o
        24          0          0          0          0         68   fscalb.o

    ----------------------------------------------------------------------
      4252        106          0          4          0       2452   Library Totals
         4          0          0          0          0          0   (incl. Padding)

    ----------------------------------------------------------------------

      Code (inc. data)   RO Data    RW Data    ZI Data      Debug   Library Name

      2656        106          0          4          0       1072   mc_w.l
      1592          0          0          0          0       1380   mf_w.l

    ----------------------------------------------------------------------
      4252        106          0          4          0       2452   Library Totals

    ----------------------------------------------------------------------

==============================================================================


      Code (inc. data)   RO Data    RW Data    ZI Data      Debug   

     13940        704        312         96       4248     513741   Grand Totals
     13940        704        312         96       4248     513741   ELF Image Totals
     13940        704        312         96          0          0   ROM Totals

==============================================================================

    Total RO  Size (Code + RO Data)                14252 (  13.92kB)
    Total RW  Size (RW Data + ZI Data)              4344 (   4.24kB)
    Total ROM Size (Code + RO Data + RW Data)      14348 (  14.01kB)

==============================================================================

